Component: ARM Compiler 5.06 update 6 (build 750) Tool: armlink [4d35ed]

==============================================================================

Section Cross References

    main.o(i.BSP_init) refers to misc.o(i.NVIC_PriorityGroupConfig) for NVIC_PriorityGroupConfig
    main.o(i.BSP_init) refers to delay.o(i.delay_init) for delay_init
    main.o(i.BSP_init) refers to led.o(i.LED_Init) for LED_Init
    main.o(i.BSP_init) refers to ppm.o(i.ppm_Init) for ppm_Init
    main.o(i.BSP_init) refers to rc_control.o(i.remote_control_init) for remote_control_init
    main.o(i.BSP_init) refers to distance_control.o(i.distance_control_init) for distance_control_init
    main.o(i.BSP_init) refers to position_control.o(i.position_control_init) for position_control_init
    main.o(i.main) refers to main.o(i.BSP_init) for BSP_init
    main.o(i.main) refers to start_task.o(i.startTask) for startTask
    main.o(i.main) refers to tasks.o(i.vTaskStartScheduler) for vTaskStartScheduler
    system_stm32f4xx.o(i.SystemCoreClockUpdate) refers to system_stm32f4xx.o(.data) for .data
    system_stm32f4xx.o(i.SystemInit) refers to system_stm32f4xx.o(i.SetSysClock) for SetSysClock
    startup_stm32f40_41xxx.o(STACK) refers (Special) to heapauxi.o(.text) for __use_two_region_memory
    startup_stm32f40_41xxx.o(HEAP) refers (Special) to heapauxi.o(.text) for __use_two_region_memory
    startup_stm32f40_41xxx.o(RESET) refers (Special) to heapauxi.o(.text) for __use_two_region_memory
    startup_stm32f40_41xxx.o(RESET) refers to startup_stm32f40_41xxx.o(STACK) for __initial_sp
    startup_stm32f40_41xxx.o(RESET) refers to startup_stm32f40_41xxx.o(.text) for Reset_Handler
    startup_stm32f40_41xxx.o(RESET) refers to stm32f4xx_it.o(i.NMI_Handler) for NMI_Handler
    startup_stm32f40_41xxx.o(RESET) refers to stm32f4xx_it.o(i.HardFault_Handler) for HardFault_Handler
    startup_stm32f40_41xxx.o(RESET) refers to stm32f4xx_it.o(i.MemManage_Handler) for MemManage_Handler
    startup_stm32f40_41xxx.o(RESET) refers to stm32f4xx_it.o(i.BusFault_Handler) for BusFault_Handler
    startup_stm32f40_41xxx.o(RESET) refers to stm32f4xx_it.o(i.UsageFault_Handler) for UsageFault_Handler
    startup_stm32f40_41xxx.o(RESET) refers to port.o(.emb_text) for SVC_Handler
    startup_stm32f40_41xxx.o(RESET) refers to stm32f4xx_it.o(i.DebugMon_Handler) for DebugMon_Handler
    startup_stm32f40_41xxx.o(RESET) refers to delay.o(i.SysTick_Handler) for SysTick_Handler
    startup_stm32f40_41xxx.o(RESET) refers to rc_control.o(i.USART1_IRQHandler) for USART1_IRQHandler
    startup_stm32f40_41xxx.o(RESET) refers to position_control.o(i.USART2_IRQHandler) for USART2_IRQHandler
    startup_stm32f40_41xxx.o(RESET) refers to distance_control.o(i.TIM5_IRQHandler) for TIM5_IRQHandler
    startup_stm32f40_41xxx.o(.text) refers (Special) to heapauxi.o(.text) for __use_two_region_memory
    startup_stm32f40_41xxx.o(.text) refers to system_stm32f4xx.o(i.SystemInit) for SystemInit
    startup_stm32f40_41xxx.o(.text) refers to __main.o(!!!main) for __main
    startup_stm32f40_41xxx.o(.text) refers to startup_stm32f40_41xxx.o(HEAP) for Heap_Mem
    startup_stm32f40_41xxx.o(.text) refers to startup_stm32f40_41xxx.o(STACK) for Stack_Mem
    delay.o(i.SysTick_Handler) refers to tasks.o(i.xTaskGetSchedulerState) for xTaskGetSchedulerState
    delay.o(i.SysTick_Handler) refers to port.o(i.xPortSysTickHandler) for xPortSysTickHandler
    delay.o(i.delay_init) refers to misc.o(i.SysTick_CLKSourceConfig) for SysTick_CLKSourceConfig
    delay.o(i.delay_init) refers to delay.o(.data) for .data
    delay.o(i.delay_ms) refers to tasks.o(i.xTaskGetSchedulerState) for xTaskGetSchedulerState
    delay.o(i.delay_ms) refers to tasks.o(i.vTaskDelay) for vTaskDelay
    delay.o(i.delay_ms) refers to delay.o(i.delay_us) for delay_us
    delay.o(i.delay_ms) refers to delay.o(.data) for .data
    delay.o(i.delay_us) refers to delay.o(.data) for .data
    delay.o(i.delay_xms) refers to delay.o(i.delay_us) for delay_us
    usart.o(.rev16_text) refers (Special) to use_no_semi_2.o(.text) for __use_no_semihosting
    usart.o(.revsh_text) refers (Special) to use_no_semi_2.o(.text) for __use_no_semihosting
    usart.o(i._sys_exit) refers (Special) to use_no_semi_2.o(.text) for __use_no_semihosting
    usart.o(i.fputc) refers (Special) to use_no_semi_2.o(.text) for __use_no_semihosting
    usart.o(.data) refers (Special) to use_no_semi_2.o(.text) for __use_no_semihosting
    stm32f4xx_gpio.o(i.GPIO_DeInit) refers to stm32f4xx_rcc.o(i.RCC_AHB1PeriphResetCmd) for RCC_AHB1PeriphResetCmd
    stm32f4xx_rcc.o(i.RCC_GetClocksFreq) refers to stm32f4xx_rcc.o(.data) for .data
    stm32f4xx_rcc.o(i.RCC_WaitForHSEStartUp) refers to stm32f4xx_rcc.o(i.RCC_GetFlagStatus) for RCC_GetFlagStatus
    stm32f4xx_syscfg.o(i.SYSCFG_DeInit) refers to stm32f4xx_rcc.o(i.RCC_APB2PeriphResetCmd) for RCC_APB2PeriphResetCmd
[...]
    i.TIM_SetIC3Prescaler                    0x080017fc   Section        0  stm32f4xx_tim.o(i.TIM_SetIC3Prescaler)
    i.TIM_SetIC4Prescaler                    0x0800180c   Section        0  stm32f4xx_tim.o(i.TIM_SetIC4Prescaler)
    i.TIM_TimeBaseInit                       0x08001824   Section        0  stm32f4xx_tim.o(i.TIM_TimeBaseInit)
    i.USART1_IRQHandler                      0x080018a0   Section        0  rc_control.o(i.USART1_IRQHandler)
    i.USART2_IRQHandler                      0x0800197c   Section        0  position_control.o(i.USART2_IRQHandler)
    i.USART_ClearFlag                        0x08001a64   Section        0  stm32f4xx_usart.o(i.USART_ClearFlag)
    i.USART_Cmd                              0x08001a6a   Section        0  stm32f4xx_usart.o(i.USART_Cmd)
    i.USART_DMACmd                           0x08001a7e   Section        0  stm32f4xx_usart.o(i.USART_DMACmd)
    i.USART_DeInit                           0x08001a90   Section        0  stm32f4xx_usart.o(i.USART_DeInit)
    i.USART_GetITStatus                      0x08001b3c   Section        0  stm32f4xx_usart.o(i.USART_GetITStatus)
    i.USART_ITConfig                         0x08001b7a   Section        0  stm32f4xx_usart.o(i.USART_ITConfig)
    i.USART_Init                             0x08001bac   Section        0  stm32f4xx_usart.o(i.USART_Init)
    i.USART_ReceiveData                      0x08001c58   Section        0  stm32f4xx_usart.o(i.USART_ReceiveData)
    i.UsageFault_Handler                     0x08001c60   Section        0  stm32f4xx_it.o(i.UsageFault_Handler)
    i._sys_exit                              0x08001c62   Section        0  usart.o(i._sys_exit)
    i.action_task                            0x08001c64   Section        0  aciton_task.o(i.action_task)
    i.camera_Init                            0x08001cec   Section        0  camera.o(i.camera_Init)
    i.camera_to_position                     0x08001e28   Section        0  position_control.o(i.camera_to_position)
    camera_to_position                       0x08001e29   Thumb Code   170  position_control.o(i.camera_to_position)
    i.delay_init                             0x08001ee0   Section        0  delay.o(i.delay_init)
    i.delay_us                               0x08001f18   Section        0  delay.o(i.delay_us)
    i.distance_control_init                  0x08001f4c   Section        0  distance_control.o(i.distance_control_init)
    i.fputc                                  0x08001f68   Section        0  usart.o(i.fputc)
    i.get_PPM_control_point                  0x08001f7c   Section        0  ppm_task.o(i.get_PPM_control_point)
    i.get_distance_control_point             0x08001f84   Section        0  distance_control.o(i.get_distance_control_point)
    i.get_position_control_point             0x08001f8c   Section        0  position_control.o(i.get_position_control_point)
    i.get_remote_control_point               0x08001f94   Section        0  rc_control.o(i.get_remote_control_point)
    i.main                                   0x08001f9c   Section        0  main.o(i.main)
    i.position_control_init                  0x08001fb0   Section        0  position_control.o(i.position_control_init)
    i.ppm_Init                               0x08001fc0   Section        0  ppm.o(i.ppm_Init)
    i.ppm_task                               0x08001ffc   Section        0  ppm_task.o(i.ppm_task)
    i.prvAddCurrentTaskToDelayedList         0x080020f4   Section        0  tasks.o(i.prvAddCurrentTaskToDelayedList)
    prvAddCurrentTaskToDelayedList           0x080020f5   Thumb Code   102  tasks.o(i.prvAddCurrentTaskToDelayedList)
    i.prvAddNewTaskToReadyList               0x08002164   Section        0  tasks.o(i.prvAddNewTaskToReadyList)
    prvAddNewTaskToReadyList                 0x08002165   Thumb Code   192  tasks.o(i.prvAddNewTaskToReadyList)
    i.prvCheckForValidListAndQueue           0x08002234   Section        0  timers.o(i.prvCheckForValidListAndQueue)
    prvCheckForValidListAndQueue             0x08002235   Thumb Code    62  timers.o(i.prvCheckForValidListAndQueue)
    i.prvCheckTasksWaitingTermination        0x08002284   Section        0  tasks.o(i.prvCheckTasksWaitingTermination)
    prvCheckTasksWaitingTermination          0x08002285   Thumb Code    74  tasks.o(i.prvCheckTasksWaitingTermination)
    i.prvCopyDataFromQueue                   0x080022d8   Section        0  queue.o(i.prvCopyDataFromQueue)
    prvCopyDataFromQueue                     0x080022d9   Thumb Code    38  queue.o(i.prvCopyDataFromQueue)
    i.prvCopyDataToQueue                     0x080022fe   Section        0  queue.o(i.prvCopyDataToQueue)
    prvCopyDataToQueue                       0x080022ff   Thumb Code   108  queue.o(i.prvCopyDataToQueue)
    i.prvDeleteTCB                           0x0800236a   Section        0  tasks.o(i.prvDeleteTCB)
    prvDeleteTCB                             0x0800236b   Thumb Code    20  tasks.o(i.prvDeleteTCB)
    i.prvHeapInit                            0x08002380   Section        0  heap_4.o(i.prvHeapInit)
    prvHeapInit                              0x08002381   Thumb Code    66  heap_4.o(i.prvHeapInit)
    i.prvIdleTask                            0x080023cc   Section        0  tasks.o(i.prvIdleTask)
    prvIdleTask                              0x080023cd   Thumb Code    30  tasks.o(i.prvIdleTask)
    i.prvInitialiseNewTask                   0x080023f4   Section        0  tasks.o(i.prvInitialiseNewTask)
    prvInitialiseNewTask                     0x080023f5   Thumb Code   154  tasks.o(i.prvInitialiseNewTask)
    i.prvInsertBlockIntoFreeList             0x080024b4   Section        0  heap_4.o(i.prvInsertBlockIntoFreeList)
    prvInsertBlockIntoFreeList               0x080024b5   Thumb Code    72  heap_4.o(i.prvInsertBlockIntoFreeList)
    i.prvInsertTimerInActiveList             0x08002500   Section        0  timers.o(i.prvInsertTimerInActiveList)
    prvInsertTimerInActiveList               0x08002501   Thumb Code    52  timers.o(i.prvInsertTimerInActiveList)
    i.prvIsQueueEmpty                        0x08002538   Section        0  queue.o(i.prvIsQueueEmpty)
    prvIsQueueEmpty                          0x08002539   Thumb Code    26  queue.o(i.prvIsQueueEmpty)
    i.prvNotifyQueueSetContainer             0x08002554   Section        0  queue.o(i.prvNotifyQueueSetContainer)
    prvNotifyQueueSetContainer               0x08002555   Thumb Code   108  queue.o(i.prvNotifyQueueSetContainer)
    i.prvProcessExpiredTimer                 0x080025e4   Section        0  timers.o(i.prvProcessExpiredTimer)
    prvProcessExpiredTimer                   0x080025e5   Thumb Code    86  timers.o(i.prvProcessExpiredTimer)
    i.prvProcessReceivedCommands             0x08002644   Section        0  timers.o(i.prvProcessReceivedCommands)
    prvProcessReceivedCommands               0x08002645   Thumb Code   196  timers.o(i.prvProcessReceivedCommands)
    i.prvProcessTimerOrBlockTask             0x08002734   Section        0  timers.o(i.prvProcessTimerOrBlockTask)
    prvProcessTimerOrBlockTask               0x08002735   Thumb Code    98  timers.o(i.prvProcessTimerOrBlockTask)
    i.prvResetNextTaskUnblockTime            0x080027a0   Section        0  tasks.o(i.prvResetNextTaskUnblockTime)
    prvResetNextTaskUnblockTime              0x080027a1   Thumb Code    26  tasks.o(i.prvResetNextTaskUnblockTime)
    i.prvSampleTimeNow                       0x080027c0   Section        0  timers.o(i.prvSampleTimeNow)
    prvSampleTimeNow                         0x080027c1   Thumb Code    36  timers.o(i.prvSampleTimeNow)
    i.prvSwitchTimerLists                    0x080027e8   Section        0  timers.o(i.prvSwitchTimerLists)
    prvSwitchTimerLists                      0x080027e9   Thumb Code   100  timers.o(i.prvSwitchTimerLists)
    i.prvTaskExitError                       0x08002854   Section        0  port.o(i.prvTaskExitError)
    prvTaskExitError                         0x08002855   Thumb Code    36  port.o(i.prvTaskExitError)
    i.prvTimerTask                           0x080028b8   Section        0  timers.o(i.prvTimerTask)
    prvTimerTask                             0x080028b9   Thumb Code    34  timers.o(i.prvTimerTask)
    i.prvUnlockQueue                         0x080028e0   Section        0  queue.o(i.prvUnlockQueue)
    prvUnlockQueue                           0x080028e1   Thumb Code   120  queue.o(i.prvUnlockQueue)
    i.pvPortMalloc                           0x08002958   Section        0  heap_4.o(i.pvPortMalloc)
    i.pvTaskIncrementMutexHeldCount          0x08002a6c   Section        0  tasks.o(i.pvTaskIncrementMutexHeldCount)
    i.pxPortInitialiseStack                  0x08002a84   Section        0  port.o(i.pxPortInitialiseStack)
    i.remote_control_init                    0x08002ab0   Section        0  rc_control.o(i.remote_control_init)
    i.sonic_Init                             0x08002ac0   Section        0  sonic.o(i.sonic_Init)
    i.startTask                              0x08002c14   Section        0  start_task.o(i.startTask)
    i.start_task                             0x08002c40   Section        0  start_task.o(i.start_task)
    i.user_task                              0x08002cd0   Section        0  user_task.o(i.user_task)
    i.uxListRemove                           0x08002cf8   Section        0  list.o(i.uxListRemove)
    i.vListInitialise                        0x08002d1c   Section        0  list.o(i.vListInitialise)
    i.vListInitialiseItem                    0x08002d32   Section        0  list.o(i.vListInitialiseItem)
    i.vListInsert                            0x08002d38   Section        0  list.o(i.vListInsert)
    i.vListInsertEnd                         0x08002d68   Section        0  list.o(i.vListInsertEnd)
    i.vPortEnterCritical                     0x08002d80   Section        0  port.o(i.vPortEnterCritical)
    i.vPortExitCritical                      0x08002df8   Section        0  port.o(i.vPortExitCritical)
    i.vPortFree                              0x08002e5c   Section        0  heap_4.o(i.vPortFree)
    i.vPortSetupTimerInterrupt               0x08002ef8   Section        0  port.o(i.vPortSetupTimerInterrupt)
    i.vPortValidateInterruptPriority         0x08002f18   Section        0  port.o(i.vPortValidateInterruptPriority)
    i.vQueueAddToRegistry                    0x08002fa4   Section        0  queue.o(i.vQueueAddToRegistry)
    i.vQueueWaitForMessageRestricted         0x08002fc8   Section        0  queue.o(i.vQueueWaitForMessageRestricted)
    i.vTaskDelay                             0x0800300c   Section        0  tasks.o(i.vTaskDelay)
    i.vTaskDelete                            0x08003078   Section        0  tasks.o(i.vTaskDelete)
    i.vTaskMissedYield                       0x08003144   Section        0  tasks.o(i.vTaskMissedYield)
    i.vTaskPlaceOnEventList                  0x08003150   Section        0  tasks.o(i.vTaskPlaceOnEventList)
    i.vTaskPlaceOnEventListRestricted        0x080031a4   Section        0  tasks.o(i.vTaskPlaceOnEventListRestricted)
    i.vTaskPriorityInherit                   0x08003200   Section        0  tasks.o(i.vTaskPriorityInherit)
    i.vTaskSetTimeOutState                   0x08003284   Section        0  tasks.o(i.vTaskSetTimeOutState)
    i.vTaskStartScheduler                    0x080032cc   Section        0  tasks.o(i.vTaskStartScheduler)
    i.vTaskSuspendAll                        0x08003360   Section        0  tasks.o(i.vTaskSuspendAll)
    i.vTaskSwitchContext                     0x08003370   Section        0  tasks.o(i.vTaskSwitchContext)
    i.xPortStartScheduler                    0x080033ec   Section        0  port.o(i.xPortStartScheduler)
    i.xPortSysTickHandler                    0x08003500   Section        0  port.o(i.xPortSysTickHandler)
    i.xQueueGenericCreate                    0x0800352c   Section        0  queue.o(i.xQueueGenericCreate)
    i.xQueueGenericReceive                   0x080035a4   Section        0  queue.o(i.xQueueGenericReceive)
    i.xQueueGenericReset                     0x08003728   Section        0  queue.o(i.xQueueGenericReset)
    i.xQueueGenericSend                      0x080037d0   Section        0  queue.o(i.xQueueGenericSend)
    i.xQueueGenericSendFromISR               0x08003958   Section        0  queue.o(i.xQueueGenericSendFromISR)
    i.xTaskCheckForTimeOut                   0x08003a38   Section        0  tasks.o(i.xTaskCheckForTimeOut)
    i.xTaskCreate                            0x08003ac0   Section        0  tasks.o(i.xTaskCreate)
    i.xTaskGetSchedulerState                 0x08003b18   Section        0  tasks.o(i.xTaskGetSchedulerState)
    i.xTaskGetTickCount                      0x08003b34   Section        0  tasks.o(i.xTaskGetTickCount)
    i.xTaskIncrementTick                     0x08003b40   Section        0  tasks.o(i.xTaskIncrementTick)
    i.xTaskPriorityDisinherit                0x08003c28   Section        0  tasks.o(i.xTaskPriorityDisinherit)
    i.xTaskRemoveFromEventList               0x08003cdc   Section        0  tasks.o(i.xTaskRemoveFromEventList)
    i.xTaskResumeAll                         0x08003d74   Section        0  tasks.o(i.xTaskResumeAll)
    i.xTimerCreate                           0x08003e58   Section        0  timers.o(i.xTimerCreate)
    i.xTimerCreateTimerTask                  0x08003ecc   Section        0  timers.o(i.xTimerCreateTimerTask)
    i.xTimerGenericCommand                   0x08003f40   Section        0  timers.o(i.xTimerGenericCommand)
    x$fpl$fpinit                             0x08003fd0   Section       10  fpinit.o(x$fpl$fpinit)
    $v0                                      0x08003fd0   Number         0  fpinit.o(x$fpl$fpinit)
    .constdata                               0x08003fdc   Section       36  aciton_task.o(.constdata)
    X_position_pid                           0x08003fdc   Data          12  aciton_task.o(.constdata)
    Y_position_pid                           0x08003fe8   Data          12  aciton_task.o(.constdata)
    Z_position_pid                           0x08003ff4   Data          12  aciton_task.o(.constdata)
    .data                                    0x20000000   Section       20  system_stm32f4xx.o(.data)
    .data                                    0x20000014   Section        4  delay.o(.data)
    fac_us                                   0x20000014   Data           1  delay.o(.data)
    fac_ms                                   0x20000016   Data           2  delay.o(.data)
    .data                                    0x20000018   Section        4  usart.o(.data)
    .data                                    0x2000001c   Section       16  stm32f4xx_rcc.o(.data)
    APBAHBPrescTable                         0x2000001c   Data          16  stm32f4xx_rcc.o(.data)
    .data                                    0x2000002c   Section       60  tasks.o(.data)
    uxDeletedTasksWaitingCleanUp             0x20000030   Data           4  tasks.o(.data)
    uxCurrentNumberOfTasks                   0x20000034   Data           4  tasks.o(.data)
    xTickCount                               0x20000038   Data           4  tasks.o(.data)
    uxTopReadyPriority                       0x2000003c   Data           4  tasks.o(.data)
    xSchedulerRunning                        0x20000040   Data           4  tasks.o(.data)
    uxPendedTicks                            0x20000044   Data           4  tasks.o(.data)
    xYieldPending                            0x20000048   Data           4  tasks.o(.data)
    xNumOfOverflows                          0x2000004c   Data           4  tasks.o(.data)
    uxTaskNumber                             0x20000050   Data           4  tasks.o(.data)
    xNextTaskUnblockTime                     0x20000054   Data           4  tasks.o(.data)
    xIdleTaskHandle                          0x20000058   Data           4  tasks.o(.data)
    uxSchedulerSuspended                     0x2000005c   Data           4  tasks.o(.data)
    pxDelayedTaskList                        0x20000060   Data           4  tasks.o(.data)
    pxOverflowDelayedTaskList                0x20000064   Data           4  tasks.o(.data)
    .data                                    0x20000068   Section       20  timers.o(.data)
    xTimerQueue                              0x20000068   Data           4  timers.o(.data)
    xTimerTaskHandle                         0x2000006c   Data           4  timers.o(.data)
    xLastTime                                0x20000070   Data           4  timers.o(.data)
    pxCurrentTimerList                       0x20000074   Data           4  timers.o(.data)
    pxOverflowTimerList                      0x20000078   Data           4  timers.o(.data)
    .data                                    0x2000007c   Section       12  port.o(.data)
    ucMaxSysCallPriority                     0x2000007c   Data           1  port.o(.data)
    uxCriticalNesting                        0x20000080   Data           4  port.o(.data)
    ulMaxPRIGROUPValue                       0x20000084   Data           4  port.o(.data)
    .data                                    0x20000088   Section       24  heap_4.o(.data)
    pxEnd                                    0x20000088   Data           4  heap_4.o(.data)
    xFreeBytesRemaining                      0x2000008c   Data           4  heap_4.o(.data)
    xMinimumEverFreeBytesRemaining           0x20000090   Data           4  heap_4.o(.data)
    xBlockAllocatedBit                       0x20000094   Data           4  heap_4.o(.data)
    xStart                                   0x20000098   Data           8  heap_4.o(.data)
    .data                                    0x200000a0   Section        2  rc_control.o(.data)
    this_time_rx_len                         0x200000a0   Data           2  rc_control.o(.data)
    .data                                    0x200000a2   Section        2  position_control.o(.data)
    this_time_rx_len                         0x200000a2   Data           2  position_control.o(.data)
    .data                                    0x200000a4   Section       16  start_task.o(.data)
    .bss                                     0x200000b4   Section       64  queue.o(.bss)
    .bss                                     0x200000f4   Section      740  tasks.o(.bss)
    pxReadyTasksLists                        0x200000f4   Data         640  tasks.o(.bss)
    xDelayedTaskList1                        0x20000374   Data          20  tasks.o(.bss)
    xDelayedTaskList2                        0x20000388   Data          20  tasks.o(.bss)
    xPendingReadyList                        0x2000039c   Data          20  tasks.o(.bss)
    xTasksWaitingTermination                 0x200003b0   Data          20  tasks.o(.bss)
    xSuspendedTaskList                       0x200003c4   Data          20  tasks.o(.bss)
    .bss                                     0x200003d8   Section       40  timers.o(.bss)
    xActiveTimerList1                        0x200003d8   Data          20  timers.o(.bss)
    xActiveTimerList2                        0x200003ec   Data          20  timers.o(.bss)
    .bss                                     0x20000400   Section    20480  heap_4.o(.bss)
    ucHeap                                   0x20000400   Data       20480  heap_4.o(.bss)
    .bss                                     0x20005400   Section       94  rc_control.o(.bss)
    rc_ctrl                                  0x20005400   Data          22  rc_control.o(.bss)
    SBUS_rx_buf                              0x20005416   Data          72  rc_control.o(.bss)
    .bss                                     0x20005460   Section       12  distance_control.o(.bss)
    distance_control                         0x20005460   Data          12  distance_control.o(.bss)
    .bss                                     0x2000546c   Section       64  position_control.o(.bss)
    position_control                         0x2000546c   Data          64  position_control.o(.bss)
    .bss                                     0x200054ac   Section       10  ppm_task.o(.bss)
    air_ppm                                  0x200054ac   Data          10  ppm_task.o(.bss)
    .bss                                     0x200054b8   Section      272  aciton_task.o(.bss)
    Air_move                                 0x200054b8   Data         272  aciton_task.o(.bss)
    .bss                                     0x200055c8   Section       96  libspace.o(.bss)
    HEAP                                     0x20005628   Section      512  startup_stm32f40_41xxx.o(HEAP)
    Heap_Mem                                 0x20005628   Data         512  startup_stm32f40_41xxx.o(HEAP)
    STACK                                    0x20005828   Section     1024  startup_stm32f40_41xxx.o(STACK)
    Stack_Mem                                0x20005828   Data        1024  startup_stm32f40_41xxx.o(STACK)
    __initial_sp                             0x20005c28   Data           0  startup_stm32f40_41xxx.o(STACK)

    Global Symbols

    Symbol Name                              Value     Ov Type        Size  Object(Section)

    BuildAttributes$$THM_ISAv4$E$P$D$K$B$S$7EM$VFPi3$EXTD16$VFPS$VFMA$PE$A:L22UL41UL21$X:L11$S22US41US21$IEEE1$IW$USESV6$~STKCKD$USESV7$~SHL$OSPACE$ROPI$EBA8$UX$STANDARDLIB$REQ8$PRES8$EABIv2 0x00000000   Number         0  anon$$obj.o ABSOLUTE
    __ARM_use_no_argv                        0x00000000   Number         0  main.o ABSOLUTE
    __ARM_exceptions_init                     - Undefined Weak Reference
    __alloca_initialize                       - Undefined Weak Reference
    __arm_preinit_                            - Undefined Weak Reference
    __cpp_initialize__aeabi_                  - Undefined Weak Reference
    __cxa_finalize                            - Undefined Weak Reference
    __rt_locale                               - Undefined Weak Reference
    __sigvec_lookup                           - Undefined Weak Reference
    _atexit_init                              - Undefined Weak Reference
    _call_atexit_fns                          - Undefined Weak Reference
    _clock_init                               - Undefined Weak Reference
    _fp_trap_init                             - Undefined Weak Reference
    _fp_trap_shutdown                         - Undefined Weak Reference
    _get_lc_collate                           - Undefined Weak Reference
    _get_lc_ctype                             - Undefined Weak Reference
    _get_lc_monetary                          - Undefined Weak Reference
    _get_lc_numeric                           - Undefined Weak Reference
    _get_lc_time                              - Undefined Weak Reference
    _getenv_init                              - Undefined Weak Reference
    _handle_redirection                       - Undefined Weak Reference
    _init_alloc                               - Undefined Weak Reference
    _init_user_alloc                          - Undefined Weak Reference
    _initio                                   - Undefined Weak Reference
    _mutex_acquire                            - Undefined Weak Reference
    _mutex_release                            - Undefined Weak Reference
    _printf_mbtowc                            - Undefined Weak Reference
    _printf_post_padding                      - Undefined Weak Reference
    _printf_pre_padding                       - Undefined Weak Reference
    _printf_truncate_signed                   - Undefined Weak Reference
    _printf_truncate_unsigned                 - Undefined Weak Reference
    _rand_init                                - Undefined Weak Reference
    _signal_finish                            - Undefined Weak Reference
    _signal_init                              - Undefined Weak Reference
    _terminate_alloc                          - Undefined Weak Reference
    _terminate_user_alloc                     - Undefined Weak Reference
    _terminateio                              - Undefined Weak Reference
    __Vectors_Size                           0x00000188   Number         0  startup_stm32f40_41xxx.o ABSOLUTE
    __Vectors                                0x08000000   Data           4  startup_stm32f40_41xxx.o(RESET)
    __Vectors_End                            0x08000188   Data           0  startup_stm32f40_41xxx.o(RESET)
    __main                                   0x08000189   Thumb Code     8  __main.o(!!!main)
    __scatterload                            0x08000191   Thumb Code     0  __scatter.o(!!!scatter)
    __scatterload_rt2                        0x08000191   Thumb Code    44  __scatter.o(!!!scatter)
    __scatterload_rt2_thumb_only             0x08000191   Thumb Code     0  __scatter.o(!!!scatter)
    __scatterload_null                       0x0800019f   Thumb Code     0  __scatter.o(!!!scatter)
    __scatterload_copy                       0x080001c5   Thumb Code    26  __scatter_copy.o(!!handler_copy)
    __scatterload_zeroinit                   0x080001e1   Thumb Code    28  __scatter_zi.o(!!handler_zi)
    _printf_d                                0x080001fd   Thumb Code     0  _printf_d.o(.ARM.Collect$$_printf_percent$$00000009)
    _printf_percent                          0x080001fd   Thumb Code     0  _printf_percent.o(.ARM.Collect$$_printf_percent$$00000000)
    _printf_s                                0x08000203   Thumb Code     0  _printf_s.o(.ARM.Collect$$_printf_percent$$00000014)
    _printf_percent_end                      0x08000209   Thumb Code     0  _printf_percent_end.o(.ARM.Collect$$_printf_percent$$00000017)
    __rt_lib_init                            0x0800020d   Thumb Code     0  libinit.o(.ARM.Collect$$libinit$$00000000)
    __rt_lib_init_fp_1                       0x0800020f   Thumb Code     0  libinit2.o(.ARM.Collect$$libinit$$00000001)
    __rt_lib_init_alloca_1                   0x08000213   Thumb Code     0  libinit2.o(.ARM.Collect$$libinit$$0000002E)
    __rt_lib_init_argv_1                     0x08000213   Thumb Code     0  libinit2.o(.ARM.Collect$$libinit$$0000002C)
    __rt_lib_init_atexit_1                   0x08000213   Thumb Code     0  libinit2.o(.ARM.Collect$$libinit$$0000001B)
    __rt_lib_init_clock_1                    0x08000213   Thumb Code     0  libinit2.o(.ARM.Collect$$libinit$$00000021)
    __rt_lib_init_cpp_1                      0x08000213   Thumb Code     0  libinit2.o(.ARM.Collect$$libinit$$00000032)
    __rt_lib_init_exceptions_1               0x08000213   Thumb Code     0  libinit2.o(.ARM.Collect$$libinit$$00000030)
    __rt_lib_init_fp_trap_1                  0x08000213   Thumb Code     0  libinit2.o(.ARM.Collect$$libinit$$0000001F)
    __rt_lib_init_getenv_1                   0x08000213   Thumb Code     0  libinit2.o(.ARM.Collect$$libinit$$00000023)
    __rt_lib_init_heap_1                     0x08000213   Thumb Code     0  libinit2.o(.ARM.Collect$$libinit$$0000000A)
    __rt_lib_init_lc_collate_1               0x08000213   Thumb Code     0  libinit2.o(.ARM.Collect$$libinit$$00000011)
    __rt_lib_init_lc_ctype_1                 0x08000213   Thumb Code     0  libinit2.o(.ARM.Collect$$libinit$$00000013)
    __rt_lib_init_lc_monetary_1              0x08000213   Thumb Code     0  libinit2.o(.ARM.Collect$$libinit$$00000015)
    __rt_lib_init_lc_numeric_1               0x08000213   Thumb Code     0  libinit2.o(.ARM.Collect$$libinit$$00000017)
    __rt_lib_init_lc_time_1                  0x08000213   Thumb Code     0  libinit2.o(.ARM.Collect$$libinit$$00000019)
    __rt_lib_init_preinit_1                  0x08000213   Thumb Code     0  libinit2.o(.ARM.Collect$$libinit$$00000004)
    __rt_lib_init_rand_1                     0x08000213   Thumb Code     0  libinit2.o(.ARM.Collect$$libinit$$0000000E)
    __rt_lib_init_return                     0x08000213   Thumb Code     0  libinit2.o(.ARM.Collect$$libinit$$00000033)
    __rt_lib_init_signal_1                   0x08000213   Thumb Code     0  libinit2.o(.ARM.Collect$$libinit$$0000001D)
    __rt_lib_init_stdio_1                    0x08000213   Thumb Code     0  libinit2.o(.ARM.Collect$$libinit$$00000025)
    __rt_lib_init_user_alloc_1               0x08000213   Thumb Code     0  libinit2.o(.ARM.Collect$$libinit$$0000000C)
    __rt_lib_shutdown                        0x08000215   Thumb Code     0  libshutdown.o(.ARM.Collect$$libshutdown$$00000000)
    __rt_lib_shutdown_cpp_1                  0x08000217   Thumb Code     0  libshutdown2.o(.ARM.Collect$$libshutdown$$00000002)
    __rt_lib_shutdown_fp_trap_1              0x08000217   Thumb Code     0  libshutdown2.o(.ARM.Collect$$libshutdown$$00000007)
    __rt_lib_shutdown_heap_1                 0x08000217   Thumb Code     0  libshutdown2.o(.ARM.Collect$$libshutdown$$0000000F)
    __rt_lib_shutdown_return                 0x08000217   Thumb Code     0  libshutdown2.o(.ARM.Collect$$libshutdown$$00000010)
    __rt_lib_shutdown_signal_1               0x08000217   Thumb Code     0  libshutdown2.o(.ARM.Collect$$libshutdown$$0000000A)
    __rt_lib_shutdown_stdio_1                0x08000217   Thumb Code     0  libshutdown2.o(.ARM.Collect$$libshutdown$$00000004)
    __rt_lib_shutdown_user_alloc_1           0x08000217   Thumb Code     0  libshutdown2.o(.ARM.Collect$$libshutdown$$0000000C)
    __rt_entry                               0x08000219   Thumb Code     0  __rtentry.o(.ARM.Collect$$rtentry$$00000000)
    __rt_entry_presh_1                       0x08000219   Thumb Code     0  __rtentry2.o(.ARM.Collect$$rtentry$$00000002)
    __rt_entry_sh                            0x08000219   Thumb Code     0  __rtentry4.o(.ARM.Collect$$rtentry$$00000004)
    __rt_entry_li                            0x0800021f   Thumb Code     0  __rtentry2.o(.ARM.Collect$$rtentry$$0000000A)
    __rt_entry_postsh_1                      0x0800021f   Thumb Code     0  __rtentry2.o(.ARM.Collect$$rtentry$$00000009)
    __rt_entry_main                          0x08000223   Thumb Code     0  __rtentry2.o(.ARM.Collect$$rtentry$$0000000D)
    __rt_entry_postli_1                      0x08000223   Thumb Code     0  __rtentry2.o(.ARM.Collect$$rtentry$$0000000C)
    __rt_exit                                0x0800022b   Thumb Code     0  rtexit.o(.ARM.Collect$$rtexit$$00000000)
    __rt_exit_ls                             0x0800022d   Thumb Code     0  rtexit2.o(.ARM.Collect$$rtexit$$00000003)
    __rt_exit_prels_1                        0x0800022d   Thumb Code     0  rtexit2.o(.ARM.Collect$$rtexit$$00000002)
    __rt_exit_exit                           0x08000231   Thumb Code     0  rtexit2.o(.ARM.Collect$$rtexit$$00000004)
    SVC_Handler                              0x08000239   Thumb Code    28  port.o(.emb_text)
    __asm___6_port_c_39a90d8d__prvStartFirstTask 0x08000259   Thumb Code    28  port.o(.emb_text)
    __asm___6_port_c_39a90d8d__prvEnableVFP  0x08000279   Thumb Code    16  port.o(.emb_text)
    PendSV_Handler                           0x0800028d   Thumb Code    88  port.o(.emb_text)
    vPortGetIPSR                             0x080002e9   Thumb Code     6  port.o(.emb_text)
    Reset_Handler                            0x080002f1   Thumb Code     8  startup_stm32f40_41xxx.o(.text)
    ADC_IRQHandler                           0x0800030b   Thumb Code     0  startup_stm32f40_41xxx.o(.text)
    CAN1_RX0_IRQHandler                      0x0800030b   Thumb Code     0  startup_stm32f40_41xxx.o(.text)
    CAN1_RX1_IRQHandler                      0x0800030b   Thumb Code     0  startup_stm32f40_41xxx.o(.text)
    CAN1_SCE_IRQHandler                      0x0800030b   Thumb Code     0  startup_stm32f40_41xxx.o(.text)
    CAN1_TX_IRQHandler                       0x0800030b   Thumb Code     0  startup_stm32f40_41xxx.o(.text)
    CAN2_RX0_IRQHandler                      0x0800030b   Thumb Code     0  startup_stm32f40_41xxx.o(.text)
    CAN2_RX1_IRQHandler                      0x0800030b   Thumb Code     0  startup_stm32f40_41xxx.o(.text)
    CAN2_SCE_IRQHandler                      0x0800030b   Thumb Code     0  startup_stm32f40_41xxx.o(.text)
    CAN2_TX_IRQHandler                       0x0800030b   Thumb Code     0  startup_stm32f40_41xxx.o(.text)
    CRYP_IRQHandler                          0x0800030b   Thumb Code     0  startup_stm32f40_41xxx.o(.text)
    DCMI_IRQHandler                          0x0800030b   Thumb Code     0  startup_stm32f40_41xxx.o(.text)
    DMA1_Stream0_IRQHandler                  0x0800030b   Thumb Code     0  startup_stm32f40_41xxx.o(.text)
    DMA1_Stream1_IRQHandler                  0x0800030b   Thumb Code     0  startup_stm32f40_41xxx.o(.text)
    DMA1_Stream2_IRQHandler                  0x0800030b   Thumb Code     0  startup_stm32f40_41xxx.o(.text)
    DMA1_Stream3_IRQHandler                  0x0800030b   Thumb Code     0  startup_stm32f40_41xxx.o(.text)
    DMA1_Stream4_IRQHandler                  0x0800030b   Thumb Code     0  startup_stm32f40_41xxx.o(.text)
    DMA1_Stream5_IRQHandler                  0x0800030b   Thumb Code     0  startup_stm32f40_41xxx.o(.text)
    DMA1_Stream6_IRQHandler                  0x0800030b   Thumb Code     0  startup_stm32f40_41xxx.o(.text)
    DMA1_Stream7_IRQHandler                  0x0800030b   Thumb Code     0  startup_stm32f40_41xxx.o(.text)
    DMA2_Stream0_IRQHandler                  0x0800030b   Thumb Code     0  startup_stm32f40_41xxx.o(.text)
    DMA2_Stream1_IRQHandler                  0x0800030b   Thumb Code     0  startup_stm32f40_41xxx.o(.text)
    DMA2_Stream2_IRQHandler                  0x0800030b   Thumb Code     0  startup_stm32f40_41xxx.o(.text)
    DMA2_Stream3_IRQHandler                  0x0800030b   Thumb Code     0  startup_stm32f40_41xxx.o(.text)
    DMA2_Stream4_IRQHandler                  0x0800030b   Thumb Code     0  startup_stm32f40_41xxx.o(.text)
    DMA2_Stream5_IRQHandler                  0x0800030b   Thumb Code     0  startup_stm32f40_41xxx.o(.text)
    DMA2_Stream6_IRQHandler                  0x0800030b   Thumb Code     0  startup_stm32f40_41xxx.o(.text)
    DMA2_Stream7_IRQHandler                  0x0800030b   Thumb Code     0  startup_stm32f40_41xxx.o(.text)
    ETH_IRQHandler                           0x0800030b   Thumb Code     0  startup_stm32f40_41xxx.o(.text)
    ETH_WKUP_IRQHandler                      0x0800030b   Thumb Code     0  startup_stm32f40_41xxx.o(.text)
    EXTI0_IRQHandler                         0x0800030b   Thumb Code     0  startup_stm32f40_41xxx.o(.text)
    EXTI15_10_IRQHandler                     0x0800030b   Thumb Code     0  startup_stm32f40_41xxx.o(.text)
    EXTI1_IRQHandler                         0x0800030b   Thumb Code     0  startup_stm32f40_41xxx.o(.text)
    EXTI2_IRQHandler                         0x0800030b   Thumb Code     0  startup_stm32f40_41xxx.o(.text)
    EXTI3_IRQHandler                         0x0800030b   Thumb Code     0  startup_stm32f40_41xxx.o(.text)
    EXTI4_IRQHandler                         0x0800030b   Thumb Code     0  startup_stm32f40_41xxx.o(.text)
    EXTI9_5_IRQHandler                       0x0800030b   Thumb Code     0  startup_stm32f40_41xxx.o(.text)
    FLASH_IRQHandler                         0x0800030b   Thumb Code     0  startup_stm32f40_41xxx.o(.text)
    FPU_IRQHandler                           0x0800030b   Thumb Code     0  startup_stm32f40_41xxx.o(.text)
    FSMC_IRQHandler                          0x0800030b   Thumb Code     0  startup_stm32f40_41xxx.o(.text)
    HASH_RNG_IRQHandler                      0x0800030b   Thumb Code     0  startup_stm32f40_41xxx.o(.text)
    I2C1_ER_IRQHandler                       0x0800030b   Thumb Code     0  startup_stm32f40_41xxx.o(.text)
    I2C1_EV_IRQHandler                       0x0800030b   Thumb Code     0  startup_stm32f40_41xxx.o(.text)
    I2C2_ER_IRQHandler                       0x0800030b   Thumb Code     0  startup_stm32f40_41xxx.o(.text)
    I2C2_EV_IRQHandler                       0x0800030b   Thumb Code     0  startup_stm32f40_41xxx.o(.text)
    I2C3_ER_IRQHandler                       0x0800030b   Thumb Code     0  startup_stm32f40_41xxx.o(.text)
    I2C3_EV_IRQHandler                       0x0800030b   Thumb Code     0  startup_stm32f40_41xxx.o(.text)
    OTG_FS_IRQHandler                        0x0800030b   Thumb Code     0  startup_stm32f40_41xxx.o(.text)
    OTG_FS_WKUP_IRQHandler                   0x0800030b   Thumb Code     0  startup_stm32f40_41xxx.o(.text)
    OTG_HS_EP1_IN_IRQHandler                 0x0800030b   Thumb Code     0  startup_stm32f40_41xxx.o(.text)
    OTG_HS_EP1_OUT_IRQHandler                0x0800030b   Thumb Code     0  startup_stm32f40_41xxx.o(.text)
    OTG_HS_IRQHandler                        0x0800030b   Thumb Code     0  startup_stm32f40_41xxx.o(.text)
    OTG_HS_WKUP_IRQHandler                   0x0800030b   Thumb Code     0  startup_stm32f40_41xxx.o(.text)
    PVD_IRQHandler                           0x0800030b   Thumb Code     0  startup_stm32f40_41xxx.o(.text)
    RCC_IRQHandler                           0x0800030b   Thumb Code     0  startup_stm32f40_41xxx.o(.text)
    RTC_Alarm_IRQHandler                     0x0800030b   Thumb Code     0  startup_stm32f40_41xxx.o(.text)
    RTC_WKUP_IRQHandler                      0x0800030b   Thumb Code     0  startup_stm32f40_41xxx.o(.text)
    SDIO_IRQHandler                          0x0800030b   Thumb Code     0  startup_stm32f40_41xxx.o(.text)
    SPI1_IRQHandler                          0x0800030b   Thumb Code     0  startup_stm32f40_41xxx.o(.text)
    SPI2_IRQHandler                          0x0800030b   Thumb Code     0  startup_stm32f40_41xxx.o(.text)
    SPI3_IRQHandler                          0x0800030b   Thumb Code     0  startup_stm32f40_41xxx.o(.text)
    TAMP_STAMP_IRQHandler                    0x0800030b   Thumb Code     0  startup_stm32f40_41xxx.o(.text)
    TIM1_BRK_TIM9_IRQHandler                 0x0800030b   Thumb Code     0  startup_stm32f40_41xxx.o(.text)
    TIM1_CC_IRQHandler                       0x0800030b   Thumb Code     0  startup_stm32f40_41xxx.o(.text)
    TIM1_TRG_COM_TIM11_IRQHandler            0x0800030b   Thumb Code     0  startup_stm32f40_41xxx.o(.text)
    TIM1_UP_TIM10_IRQHandler                 0x0800030b   Thumb Code     0  startup_stm32f40_41xxx.o(.text)
    TIM2_IRQHandler                          0x0800030b   Thumb Code     0  startup_stm32f40_41xxx.o(.text)
    TIM3_IRQHandler                          0x0800030b   Thumb Code     0  startup_stm32f40_41xxx.o(.text)
    TIM4_IRQHandler                          0x0800030b   Thumb Code     0  startup_stm32f40_41xxx.o(.text)
    TIM6_DAC_IRQHandler                      0x0800030b   Thumb Code     0  startup_stm32f40_41xxx.o(.text)
    TIM7_IRQHandler                          0x0800030b   Thumb Code     0  startup_stm32f40_41xxx.o(.text)
    TIM8_BRK_TIM12_IRQHandler                0x0800030b   Thumb Code     0  startup_stm32f40_41xxx.o(.text)
    TIM8_CC_IRQHandler                       0x0800030b   Thumb Code     0  startup_stm32f40_41xxx.o(.text)
    TIM8_TRG_COM_TIM14_IRQHandler            0x0800030b   Thumb Code     0  startup_stm32f40_41xxx.o(.text)
    TIM8_UP_TIM13_IRQHandler                 0x0800030b   Thumb Code     0  startup_stm32f40_41xxx.o(.text)
    UART4_IRQHandler                         0x0800030b   Thumb Code     0  startup_stm32f40_41xxx.o(.text)
    UART5_IRQHandler                         0x0800030b   Thumb Code     0  startup_stm32f40_41xxx.o(.text)
    USART3_IRQHandler                        0x0800030b   Thumb Code     0  startup_stm32f40_41xxx.o(.text)
    USART6_IRQHandler                        0x0800030b   Thumb Code     0  startup_stm32f40_41xxx.o(.text)
    WWDG_IRQHandler                          0x0800030b   Thumb Code     0  startup_stm32f40_41xxx.o(.text)
    __user_initial_stackheap                 0x0800030d   Thumb Code     0  startup_stm32f40_41xxx.o(.text)
    __use_no_semihosting                     0x08000331   Thumb Code     2  use_no_semi_2.o(.text)
    __2printf                                0x08000335   Thumb Code    20  noretval__2printf.o(.text)
    __printf                                 0x0800034d   Thumb Code   104  __printf.o(.text)
    _printf_str                              0x080003b5   Thumb Code    82  _printf_str.o(.text)
    _printf_int_dec                          0x08000409   Thumb Code   104  _printf_dec.o(.text)
    __aeabi_memcpy                           0x08000481   Thumb Code     0  rt_memcpy_v6.o(.text)
    __rt_memcpy                              0x08000481   Thumb Code   138  rt_memcpy_v6.o(.text)
    _memcpy_lastbytes                        0x080004e7   Thumb Code     0  rt_memcpy_v6.o(.text)
    __aeabi_memset                           0x0800050b   Thumb Code    16  aeabi_memset.o(.text)
    __use_two_region_memory                  0x0800051b   Thumb Code     2  heapauxi.o(.text)
    __rt_heap_escrow$2region                 0x0800051d   Thumb Code     2  heapauxi.o(.text)
    __rt_heap_expand$2region                 0x0800051f   Thumb Code     2  heapauxi.o(.text)
    __I$use$semihosting                      0x08000521   Thumb Code     0  use_no_semi.o(.text)
    __use_no_semihosting_swi                 0x08000521   Thumb Code     2  use_no_semi.o(.text)
    _printf_int_common                       0x08000523   Thumb Code   178  _printf_intcommon.o(.text)
    _printf_char_common                      0x080005df   Thumb Code    32  _printf_char_common.o(.text)
    _printf_cs_common                        0x08000605   Thumb Code    20  _printf_char.o(.text)
    _printf_char                             0x08000619   Thumb Code    16  _printf_char.o(.text)
    _printf_string                           0x08000629   Thumb Code     8  _printf_char.o(.text)
    _printf_char_file                        0x08000631   Thumb Code    32  _printf_char_file.o(.text)
    __aeabi_memcpy4                          0x08000655   Thumb Code     0  rt_memcpy_w.o(.text)
    __aeabi_memcpy8                          0x08000655   Thumb Code     0  rt_memcpy_w.o(.text)
    __rt_memcpy_w                            0x08000655   Thumb Code   100  rt_memcpy_w.o(.text)
    _memcpy_lastbytes_aligned                0x0800069d   Thumb Code     0  rt_memcpy_w.o(.text)
    __aeabi_memclr                           0x080006b9   Thumb Code     0  rt_memclr.o(.text)
    __rt_memclr                              0x080006b9   Thumb Code    68  rt_memclr.o(.text)
    _memset                                  0x080006bd   Thumb Code     0  rt_memclr.o(.text)
    ferror                                   0x080006fd   Thumb Code     8  ferror.o(.text)
    __aeabi_memclr4                          0x08000705   Thumb Code     0  rt_memclr_w.o(.text)
    __aeabi_memclr8                          0x08000705   Thumb Code     0  rt_memclr_w.o(.text)
    __rt_memclr_w                            0x08000705   Thumb Code    78  rt_memclr_w.o(.text)
    _memset_w                                0x08000709   Thumb Code     0  rt_memclr_w.o(.text)
    __user_setup_stackheap                   0x08000753   Thumb Code    74  sys_stackheap_outer.o(.text)
    exit                                     0x0800079d   Thumb Code    18  exit.o(.text)
    __user_libspace                          0x080007b1   Thumb Code     8  libspace.o(.text)
    __user_perproc_libspace                  0x080007b1   Thumb Code     0  libspace.o(.text)
    __user_perthread_libspace                0x080007b1   Thumb Code     0  libspace.o(.text)
    BSP_init                                 0x08000bc1   Thumb Code    40  main.o(i.BSP_init)
    BusFault_Handler                         0x08000be9   Thumb Code     2  stm32f4xx_it.o(i.BusFault_Handler)
    DMA_ClearFlag                            0x08000bed   Thumb Code    32  stm32f4xx_dma.o(i.DMA_ClearFlag)
    DMA_Cmd                                  0x08000c19   Thumb Code    20  stm32f4xx_dma.o(i.DMA_Cmd)
    DMA_DeInit                               0x08000c2d   Thumb Code   272  stm32f4xx_dma.o(i.DMA_DeInit)
    DMA_DoubleBufferModeCmd                  0x08000d51   Thumb Code    20  stm32f4xx_dma.o(i.DMA_DoubleBufferModeCmd)
    DMA_DoubleBufferModeConfig               0x08000d65   Thumb Code    22  stm32f4xx_dma.o(i.DMA_DoubleBufferModeConfig)
    DMA_GetCurrDataCounter                   0x08000d7b   Thumb Code     6  stm32f4xx_dma.o(i.DMA_GetCurrDataCounter)
    DMA_GetCurrentMemoryTarget               0x08000d81   Thumb Code    14  stm32f4xx_dma.o(i.DMA_GetCurrentMemoryTarget)
    DMA_Init                                 0x08000d91   Thumb Code    80  stm32f4xx_dma.o(i.DMA_Init)
    DMA_SetCurrDataCounter                   0x08000de5   Thumb Code     4  stm32f4xx_dma.o(i.DMA_SetCurrDataCounter)
    DebugMon_Handler                         0x08000de9   Thumb Code     2  stm32f4xx_it.o(i.DebugMon_Handler)
    GPIO_Init                                0x08000deb   Thumb Code   120  stm32f4xx_gpio.o(i.GPIO_Init)
    GPIO_PinAFConfig                         0x08000e63   Thumb Code    32  stm32f4xx_gpio.o(i.GPIO_PinAFConfig)
    GPIO_SetBits                             0x08000e83   Thumb Code     4  stm32f4xx_gpio.o(i.GPIO_SetBits)
    HardFault_Handler                        0x08000e87   Thumb Code     2  stm32f4xx_it.o(i.HardFault_Handler)
    LED_Init                                 0x08000e89   Thumb Code    58  led.o(i.LED_Init)
    MemManage_Handler                        0x08000ec9   Thumb Code     2  stm32f4xx_it.o(i.MemManage_Handler)
    NMI_Handler                              0x08000ecb   Thumb Code     2  stm32f4xx_it.o(i.NMI_Handler)
    NVIC_Init                                0x08000ecd   Thumb Code    96  misc.o(i.NVIC_Init)
    NVIC_PriorityGroupConfig                 0x08000f31   Thumb Code    10  misc.o(i.NVIC_PriorityGroupConfig)
    PID_Calc                                 0x08000f45   Thumb Code   292  pid.o(i.PID_Calc)
    PID_Init                                 0x0800106d   Thumb Code    88  pid.o(i.PID_Init)
    PID_clear                                0x080010c9   Thumb Code    58  pid.o(i.PID_clear)
    RCC_AHB1PeriphClockCmd                   0x08001109   Thumb Code    18  stm32f4xx_rcc.o(i.RCC_AHB1PeriphClockCmd)
    RCC_APB1PeriphClockCmd                   0x08001121   Thumb Code    18  stm32f4xx_rcc.o(i.RCC_APB1PeriphClockCmd)
    RCC_APB1PeriphResetCmd                   0x08001139   Thumb Code    18  stm32f4xx_rcc.o(i.RCC_APB1PeriphResetCmd)
    RCC_APB2PeriphClockCmd                   0x08001151   Thumb Code    18  stm32f4xx_rcc.o(i.RCC_APB2PeriphClockCmd)
    RCC_APB2PeriphResetCmd                   0x08001169   Thumb Code    18  stm32f4xx_rcc.o(i.RCC_APB2PeriphResetCmd)
    RCC_GetClocksFreq                        0x08001181   Thumb Code   132  stm32f4xx_rcc.o(i.RCC_GetClocksFreq)
    RC_Init                                  0x08001211   Thumb Code   296  rc.o(i.RC_Init)
    SysTick_CLKSourceConfig                  0x080014e1   Thumb Code    24  misc.o(i.SysTick_CLKSourceConfig)
    SysTick_Handler                          0x080014f9   Thumb Code    20  delay.o(i.SysTick_Handler)
    SystemInit                               0x0800150d   Thumb Code    74  system_stm32f4xx.o(i.SystemInit)
    TIM5_IRQHandler                          0x080015cd   Thumb Code    96  distance_control.o(i.TIM5_IRQHandler)
    TIM_ARRPreloadConfig                     0x08001639   Thumb Code    20  stm32f4xx_tim.o(i.TIM_ARRPreloadConfig)
    TIM_ClearITPendingBit                    0x0800164d   Thumb Code     6  stm32f4xx_tim.o(i.TIM_ClearITPendingBit)
    TIM_Cmd                                  0x08001653   Thumb Code    20  stm32f4xx_tim.o(i.TIM_Cmd)
    TIM_GetITStatus                          0x08001667   Thumb Code    24  stm32f4xx_tim.o(i.TIM_GetITStatus)
    TIM_ICInit                               0x0800167f   Thumb Code   172  stm32f4xx_tim.o(i.TIM_ICInit)
    TIM_ITConfig                             0x0800172b   Thumb Code    16  stm32f4xx_tim.o(i.TIM_ITConfig)
    TIM_OC1PolarityConfig                    0x0800173b   Thumb Code    12  stm32f4xx_tim.o(i.TIM_OC1PolarityConfig)
    TIM_OC3Init                              0x08001749   Thumb Code   116  stm32f4xx_tim.o(i.TIM_OC3Init)
    TIM_OC3PreloadConfig                     0x080017c5   Thumb Code    12  stm32f4xx_tim.o(i.TIM_OC3PreloadConfig)
    TIM_SetCompare3                          0x080017d1   Thumb Code     4  stm32f4xx_tim.o(i.TIM_SetCompare3)
    TIM_SetIC1Prescaler                      0x080017d5   Thumb Code    16  stm32f4xx_tim.o(i.TIM_SetIC1Prescaler)
    TIM_SetIC2Prescaler                      0x080017e5   Thumb Code    24  stm32f4xx_tim.o(i.TIM_SetIC2Prescaler)
    TIM_SetIC3Prescaler                      0x080017fd   Thumb Code    16  stm32f4xx_tim.o(i.TIM_SetIC3Prescaler)
    TIM_SetIC4Prescaler                      0x0800180d   Thumb Code    24  stm32f4xx_tim.o(i.TIM_SetIC4Prescaler)
    TIM_TimeBaseInit                         0x08001825   Thumb Code    96  stm32f4xx_tim.o(i.TIM_TimeBaseInit)
    USART1_IRQHandler                        0x080018a1   Thumb Code   200  rc_control.o(i.USART1_IRQHandler)
    USART2_IRQHandler                        0x0800197d   Thumb Code   210  position_control.o(i.USART2_IRQHandler)
    USART_ClearFlag                          0x08001a65   Thumb Code     6  stm32f4xx_usart.o(i.USART_ClearFlag)
    USART_Cmd                                0x08001a6b   Thumb Code    20  stm32f4xx_usart.o(i.USART_Cmd)
    USART_DMACmd                             0x08001a7f   Thumb Code    16  stm32f4xx_usart.o(i.USART_DMACmd)
    USART_DeInit                             0x08001a91   Thumb Code   138  stm32f4xx_usart.o(i.USART_DeInit)
    USART_GetITStatus                        0x08001b3d   Thumb Code    62  stm32f4xx_usart.o(i.USART_GetITStatus)
    USART_ITConfig                           0x08001b7b   Thumb Code    48  stm32f4xx_usart.o(i.USART_ITConfig)
    USART_Init                               0x08001bad   Thumb Code   164  stm32f4xx_usart.o(i.USART_Init)
    USART_ReceiveData                        0x08001c59   Thumb Code     8  stm32f4xx_usart.o(i.USART_ReceiveData)
    UsageFault_Handler                       0x08001c61   Thumb Code     2  stm32f4xx_it.o(i.UsageFault_Handler)
    _sys_exit                                0x08001c63   Thumb Code     2  usart.o(i._sys_exit)
    action_task                              0x08001c65   Thumb Code   130  aciton_task.o(i.action_task)
    camera_Init                              0x08001ced   Thumb Code   300  camera.o(i.camera_Init)
    delay_init                               0x08001ee1   Thumb Code    50  delay.o(i.delay_init)
    delay_us                                 0x08001f19   Thumb Code    48  delay.o(i.delay_us)
    distance_control_init                    0x08001f4d   Thumb Code    24  distance_control.o(i.distance_control_init)
    fputc                                    0x08001f69   Thumb Code    14  usart.o(i.fputc)
    get_PPM_control_point                    0x08001f7d   Thumb Code     4  ppm_task.o(i.get_PPM_control_point)
    get_distance_control_point               0x08001f85   Thumb Code     4  distance_control.o(i.get_distance_control_point)
    get_position_control_point               0x08001f8d   Thumb Code     4  position_control.o(i.get_position_control_point)
    get_remote_control_point                 0x08001f95   Thumb Code     4  rc_control.o(i.get_remote_control_point)
    main                                     0x08001f9d   Thumb Code    18  main.o(i.main)
    position_control_init                    0x08001fb1   Thumb Code    12  position_control.o(i.position_control_init)
    ppm_Init                                 0x08001fc1   Thumb Code    56  ppm.o(i.ppm_Init)
    ppm_task                                 0x08001ffd   Thumb Code   240  ppm_task.o(i.ppm_task)
    pvPortMalloc                             0x08002959   Thumb Code   214  heap_4.o(i.pvPortMalloc)
    pvTaskIncrementMutexHeldCount            0x08002a6d   Thumb Code    18  tasks.o(i.pvTaskIncrementMutexHeldCount)
    pxPortInitialiseStack                    0x08002a85   Thumb Code    40  port.o(i.pxPortInitialiseStack)
    remote_control_init                      0x08002ab1   Thumb Code    12  rc_control.o(i.remote_control_init)
    sonic_Init                               0x08002ac1   Thumb Code   330  sonic.o(i.sonic_Init)
    startTask                                0x08002c15   Thumb Code    24  start_task.o(i.startTask)
    start_task                               0x08002c41   Thumb Code    92  start_task.o(i.start_task)
    user_task                                0x08002cd1   Thumb Code    34  user_task.o(i.user_task)
    uxListRemove                             0x08002cf9   Thumb Code    36  list.o(i.uxListRemove)
    vListInitialise                          0x08002d1d   Thumb Code    22  list.o(i.vListInitialise)
    vListInitialiseItem                      0x08002d33   Thumb Code     6  list.o(i.vListInitialiseItem)
    vListInsert                              0x08002d39   Thumb Code    48  list.o(i.vListInsert)
    vListInsertEnd                           0x08002d69   Thumb Code    24  list.o(i.vListInsertEnd)
    vPortEnterCritical                       0x08002d81   Thumb Code    50  port.o(i.vPortEnterCritical)
    vPortExitCritical                        0x08002df9   Thumb Code    34  port.o(i.vPortExitCritical)
    vPortFree                                0x08002e5d   Thumb Code    94  heap_4.o(i.vPortFree)
    vPortSetupTimerInterrupt                 0x08002ef9   Thumb Code    26  port.o(i.vPortSetupTimerInterrupt)
    vPortValidateInterruptPriority           0x08002f19   Thumb Code    70  port.o(i.vPortValidateInterruptPriority)
    vQueueAddToRegistry                      0x08002fa5   Thumb Code    32  queue.o(i.vQueueAddToRegistry)
    vQueueWaitForMessageRestricted           0x08002fc9   Thumb Code    68  queue.o(i.vQueueWaitForMessageRestricted)
    vTaskDelay                               0x0800300d   Thumb Code    62  tasks.o(i.vTaskDelay)
    vTaskDelete                              0x08003079   Thumb Code   152  tasks.o(i.vTaskDelete)
    vTaskMissedYield                         0x08003145   Thumb Code     8  tasks.o(i.vTaskMissedYield)
    vTaskPlaceOnEventList                    0x08003151   Thumb Code    44  tasks.o(i.vTaskPlaceOnEventList)
    vTaskPlaceOnEventListRestricted          0x080031a5   Thumb Code    52  tasks.o(i.vTaskPlaceOnEventListRestricted)
    vTaskPriorityInherit                     0x08003201   Thumb Code   124  tasks.o(i.vTaskPriorityInherit)
    vTaskSetTimeOutState                     0x08003285   Thumb Code    30  tasks.o(i.vTaskSetTimeOutState)
    vTaskStartScheduler                      0x080032cd   Thumb Code    96  tasks.o(i.vTaskStartScheduler)
    vTaskSuspendAll                          0x08003361   Thumb Code    10  tasks.o(i.vTaskSuspendAll)
    vTaskSwitchContext                       0x08003371   Thumb Code    80  tasks.o(i.vTaskSwitchContext)
    xPortStartScheduler                      0x080033ed   Thumb Code   196  port.o(i.xPortStartScheduler)
    xPortSysTickHandler                      0x08003501   Thumb Code    38  port.o(i.xPortSysTickHandler)
    xQueueGenericCreate                      0x0800352d   Thumb Code    82  queue.o(i.xQueueGenericCreate)
    xQueueGenericReceive                     0x080035a5   Thumb Code   348  queue.o(i.xQueueGenericReceive)
    xQueueGenericReset                       0x08003729   Thumb Code   128  queue.o(i.xQueueGenericReset)
    xQueueGenericSend                        0x080037d1   Thumb Code   350  queue.o(i.xQueueGenericSend)
    xQueueGenericSendFromISR                 0x08003959   Thumb Code   188  queue.o(i.xQueueGenericSendFromISR)
    xTaskCheckForTimeOut                     0x08003a39   Thumb Code    94  tasks.o(i.xTaskCheckForTimeOut)
    xTaskCreate                              0x08003ac1   Thumb Code    86  tasks.o(i.xTaskCreate)
    xTaskGetSchedulerState                   0x08003b19   Thumb Code    22  tasks.o(i.xTaskGetSchedulerState)
    xTaskGetTickCount                        0x08003b35   Thumb Code     6  tasks.o(i.xTaskGetTickCount)
    xTaskIncrementTick                       0x08003b41   Thumb Code   188  tasks.o(i.xTaskIncrementTick)
    xTaskPriorityDisinherit                  0x08003c29   Thumb Code   136  tasks.o(i.xTaskPriorityDisinherit)
    xTaskRemoveFromEventList                 0x08003cdd   Thumb Code   102  tasks.o(i.xTaskRemoveFromEventList)
    xTaskResumeAll                           0x08003d75   Thumb Code   180  tasks.o(i.xTaskResumeAll)
    xTimerCreate                             0x08003e59   Thumb Code    74  timers.o(i.xTimerCreate)
    xTimerCreateTimerTask                    0x08003ecd   Thumb Code    58  timers.o(i.xTimerCreateTimerTask)
    xTimerGenericCommand                     0x08003f41   Thumb Code    98  timers.o(i.xTimerGenericCommand)
    _fp_init                                 0x08003fd1   Thumb Code    10  fpinit.o(x$fpl$fpinit)
    __fplib_config_fpu_vfp                   0x08003fd9   Thumb Code     0  fpinit.o(x$fpl$fpinit)
    __fplib_config_pureend_doubles           0x08003fd9   Thumb Code     0  fpinit.o(x$fpl$fpinit)
    Region$$Table$$Base                      0x08004000   Number         0  anon$$obj.o(Region$$Table)
    Region$$Table$$Limit                     0x08004020   Number         0  anon$$obj.o(Region$$Table)
    SystemCoreClock                          0x20000000   Data           4  system_stm32f4xx.o(.data)
    AHBPrescTable                            0x20000004   Data          16  system_stm32f4xx.o(.data)
    __stdout                                 0x20000018   Data           4  usart.o(.data)
    pxCurrentTCB                             0x2000002c   Data           4  tasks.o(.data)
    StartTask_Handler                        0x200000a4   Data           4  start_task.o(.data)
    PPMTask_Handler                          0x200000a8   Data           4  start_task.o(.data)
    USERTask_Handler                         0x200000ac   Data           4  start_task.o(.data)
    ACTIONTask_Handler                       0x200000b0   Data           4  start_task.o(.data)
    xQueueRegistry                           0x200000b4   Data          64  queue.o(.bss)
    __libspace_start                         0x200055c8   Data          96  libspace.o(.bss)
    __temporary_stack_top$libspace           0x20005628   Data           0  libspace.o(.bss)



==============================================================================

Memory Map of the image

  Image Entry point : 0x08000189

  Load Region LR_IROM1 (Base: 0x08000000, Size: 0x000040d4, Max: 0x00100000, ABSOLUTE)

    Execution Region ER_IROM1 (Exec base: 0x08000000, Load base: 0x08000000, Size: 0x00004020, Max: 0x00100000, ABSOLUTE)

    Exec Addr    Load Addr    Size         Type   Attr      Idx    E Section Name        Object

    0x08000000   0x08000000   0x00000188   Data   RO          314    RESET               startup_stm32f40_41xxx.o
    0x08000188   0x08000188   0x00000008   Code   RO         3291  * !!!main             c_w.l(__main.o)
    0x08000190   0x08000190   0x00000034   Code   RO         3469    !!!scatter          c_w.l(__scatter.o)
    0x080001c4   0x080001c4   0x0000001a   Code   RO         3471    !!handler_copy      c_w.l(__scatter_copy.o)
    0x080001de   0x080001de   0x00000002   PAD
    0x080001e0   0x080001e0   0x0000001c   Code   RO         3473    !!handler_zi        c_w.l(__scatter_zi.o)
    0x080001fc   0x080001fc   0x00000000   Code   RO         3280    .ARM.Collect$$_printf_percent$$00000000  c_w.l(_printf_percent.o)
    0x080001fc   0x080001fc   0x00000006   Code   RO         3278    .ARM.Collect$$_printf_percent$$00000009  c_w.l(_printf_d.o)
    0x08000202   0x08000202   0x00000006   Code   RO         3277    .ARM.Collect$$_printf_percent$$00000014  c_w.l(_printf_s.o)
    0x08000208   0x08000208   0x00000004   Code   RO         3306    .ARM.Collect$$_printf_percent$$00000017  c_w.l(_printf_percent_end.o)
    0x0800020c   0x0800020c   0x00000002   Code   RO         3343    .ARM.Collect$$libinit$$00000000  c_w.l(libinit.o)
    0x0800020e   0x0800020e   0x00000004   Code   RO         3349    .ARM.Collect$$libinit$$00000001  c_w.l(libinit2.o)
    0x08000212   0x08000212   0x00000000   Code   RO         3352    .ARM.Collect$$libinit$$00000004  c_w.l(libinit2.o)
    0x08000212   0x08000212   0x00000000   Code   RO         3355    .ARM.Collect$$libinit$$0000000A  c_w.l(libinit2.o)
    0x08000212   0x08000212   0x00000000   Code   RO         3357    .ARM.Collect$$libinit$$0000000C  c_w.l(libinit2.o)
    0x08000212   0x08000212   0x00000000   Code   RO         3359    .ARM.Collect$$libinit$$0000000E  c_w.l(libinit2.o)
    0x08000212   0x08000212   0x00000000   Code   RO         3362    .ARM.Collect$$libinit$$00000011  c_w.l(libinit2.o)
    0x08000212   0x08000212   0x00000000   Code   RO         3364    .ARM.Collect$$libinit$$00000013  c_w.l(libinit2.o)
    0x08000212   0x08000212   0x00000000   Code   RO         3366    .ARM.Collect$$libinit$$00000015  c_w.l(libinit2.o)
    0x08000212   0x08000212   0x00000000   Code   RO         3368    .ARM.Collect$$libinit$$00000017  c_w.l(libinit2.o)
    0x08000212   0x08000212   0x00000000   Code   RO         3370    .ARM.Collect$$libinit$$00000019  c_w.l(libinit2.o)
    0x08000212   0x08000212   0x00000000   Code   RO         3372    .ARM.Collect$$libinit$$0000001B  c_w.l(libinit2.o)
    0x08000212   0x08000212   0x00000000   Code   RO         3374    .ARM.Collect$$libinit$$0000001D  c_w.l(libinit2.o)
    0x08000212   0x08000212   0x00000000   Code   RO         3376    .ARM.Collect$$libinit$$0000001F  c_w.l(libinit2.o)
    0x08000212   0x08000212   0x00000000   Code   RO         3378    .ARM.Collect$$libinit$$00000021  c_w.l(libinit2.o)
    0x08000212   0x08000212   0x00000000   Code   RO         3380    .ARM.Collect$$libinit$$00000023  c_w.l(libinit2.o)
    0x08000212   0x08000212   0x00000000   Code   RO         3382    .ARM.Collect$$libinit$$00000025  c_w.l(libinit2.o)
    0x08000212   0x08000212   0x00000000   Code   RO         3386    .ARM.Collect$$libinit$$0000002C  c_w.l(libinit2.o)
    0x08000212   0x08000212   0x00000000   Code   RO         3388    .ARM.Collect$$libinit$$0000002E  c_w.l(libinit2.o)
    0x08000212   0x08000212   0x00000000   Code   RO         3390    .ARM.Collect$$libinit$$00000030  c_w.l(libinit2.o)
    0x08000212   0x08000212   0x00000000   Code   RO         3392    .ARM.Collect$$libinit$$00000032  c_w.l(libinit2.o)
    0x08000212   0x08000212   0x00000002   Code   RO         3393    .ARM.Collect$$libinit$$00000033  c_w.l(libinit2.o)
    0x08000214   0x08000214   0x00000002   Code   RO         3411    .ARM.Collect$$libshutdown$$00000000  c_w.l(libshutdown.o)
    0x08000216   0x08000216   0x00000000   Code   RO         3421    .ARM.Collect$$libshutdown$$00000002  c_w.l(libshutdown2.o)
    0x08000216   0x08000216   0x00000000   Code   RO         3423    .ARM.Collect$$libshutdown$$00000004  c_w.l(libshutdown2.o)
    0x08000216   0x08000216   0x00000000   Code   RO         3426    .ARM.Collect$$libshutdown$$00000007  c_w.l(libshutdown2.o)
    0x08000216   0x08000216   0x00000000   Code   RO         3429    .ARM.Collect$$libshutdown$$0000000A  c_w.l(libshutdown2.o)
    0x08000216   0x08000216   0x00000000   Code   RO         3431    .ARM.Collect$$libshutdown$$0000000C  c_w.l(libshutdown2.o)
    0x08000216   0x08000216   0x00000000   Code   RO         3434    .ARM.Collect$$libshutdown$$0000000F  c_w.l(libshutdown2.o)
    0x08000216   0x08000216   0x00000002   Code   RO         3435    .ARM.Collect$$libshutdown$$00000010  c_w.l(libshutdown2.o)
    0x08000218   0x08000218   0x00000000   Code   RO         3295    .ARM.Collect$$rtentry$$00000000  c_w.l(__rtentry.o)
    0x08000218   0x08000218   0x00000000   Code   RO         3312    .ARM.Collect$$rtentry$$00000002  c_w.l(__rtentry2.o)
    0x08000218   0x08000218   0x00000006   Code   RO         3324    .ARM.Collect$$rtentry$$00000004  c_w.l(__rtentry4.o)
    0x0800021e   0x0800021e   0x00000000   Code   RO         3314    .ARM.Collect$$rtentry$$00000009  c_w.l(__rtentry2.o)
    0x0800021e   0x0800021e   0x00000004   Code   RO         3315    .ARM.Collect$$rtentry$$0000000A  c_w.l(__rtentry2.o)
    0x08000222   0x08000222   0x00000000   Code   RO         3317    .ARM.Collect$$rtentry$$0000000C  c_w.l(__rtentry2.o)
    0x08000222   0x08000222   0x00000008   Code   RO         3318    .ARM.Collect$$rtentry$$0000000D  c_w.l(__rtentry2.o)
    0x0800022a   0x0800022a   0x00000002   Code   RO         3347    .ARM.Collect$$rtexit$$00000000  c_w.l(rtexit.o)
    0x0800022c   0x0800022c   0x00000000   Code   RO         3395    .ARM.Collect$$rtexit$$00000002  c_w.l(rtexit2.o)
    0x0800022c   0x0800022c   0x00000004   Code   RO         3396    .ARM.Collect$$rtexit$$00000003  c_w.l(rtexit2.o)
    0x08000230   0x08000230   0x00000006   Code   RO         3397    .ARM.Collect$$rtexit$$00000004  c_w.l(rtexit2.o)
    0x08000236   0x08000236   0x00000002   PAD
    0x08000238   0x08000238   0x000000b6   Code   RO         2716    .emb_text           port.o
    0x080002ee   0x080002ee   0x00000002   PAD
    0x080002f0   0x080002f0   0x00000040   Code   RO          315    .text               startup_stm32f40_41xxx.o
    0x08000330   0x08000330   0x00000002   Code   RO         3240    .text               c_w.l(use_no_semi_2.o)
    0x08000332   0x08000332   0x00000002   PAD
    0x08000334   0x08000334   0x00000018   Code   RO         3246    .text               c_w.l(noretval__2printf.o)
    0x0800034c   0x0800034c   0x00000068   Code   RO         3250    .text               c_w.l(__printf.o)
    0x080003b4   0x080003b4   0x00000052   Code   RO         3252    .text               c_w.l(_printf_str.o)
    0x08000406   0x08000406   0x00000002   PAD
    0x08000408   0x08000408   0x00000078   Code   RO         3254    .text               c_w.l(_printf_dec.o)
    0x08000480   0x08000480   0x0000008a   Code   RO         3285    .text               c_w.l(rt_memcpy_v6.o)
    0x0800050a   0x0800050a   0x00000010   Code   RO         3287    .text               c_w.l(aeabi_memset.o)
    0x0800051a   0x0800051a   0x00000006   Code   RO         3289    .text               c_w.l(heapauxi.o)
    0x08000520   0x08000520   0x00000002   Code   RO         3293    .text               c_w.l(use_no_semi.o)
    0x08000522   0x08000522   0x000000b2   Code   RO         3296    .text               c_w.l(_printf_intcommon.o)
    0x080005d4   0x080005d4   0x00000030   Code   RO         3298    .text               c_w.l(_printf_char_common.o)
    0x08000604   0x08000604   0x0000002c   Code   RO         3302    .text               c_w.l(_printf_char.o)
    0x08000630   0x08000630   0x00000024   Code   RO         3304    .text               c_w.l(_printf_char_file.o)
    0x08000654   0x08000654   0x00000064   Code   RO         3307    .text               c_w.l(rt_memcpy_w.o)
    0x080006b8   0x080006b8   0x00000044   Code   RO         3309    .text               c_w.l(rt_memclr.o)
    0x080006fc   0x080006fc   0x00000008   Code   RO         3328    .text               c_w.l(ferror.o)
    0x08000704   0x08000704   0x0000004e   Code   RO         3332    .text               c_w.l(rt_memclr_w.o)
    0x08000752   0x08000752   0x0000004a   Code   RO         3334    .text               c_w.l(sys_stackheap_outer.o)
    0x0800079c   0x0800079c   0x00000012   Code   RO         3336    .text               c_w.l(exit.o)
    0x080007ae   0x080007ae   0x00000002   PAD
    0x080007b0   0x080007b0   0x00000008   Code   RO         3344    .text               c_w.l(libspace.o)
    0x080007b8   0x080007b8   0x00000022   Code   RO         3202    i.Air_feedback_update  aciton_task.o
    0x080007da   0x080007da   0x00000002   PAD
    0x080007dc   0x080007dc   0x0000008c   Code   RO         3203    i.Air_init          aciton_task.o
    0x08000868   0x08000868   0x00000358   Code   RO         3204    i.Air_set_contorl   aciton_task.o
    0x08000bc0   0x08000bc0   0x00000028   Code   RO            3    i.BSP_init          main.o
    0x08000be8   0x08000be8   0x00000002   Code   RO          198    i.BusFault_Handler  stm32f4xx_it.o
    0x08000bea   0x08000bea   0x00000002   PAD
    0x08000bec   0x08000bec   0x0000002c   Code   RO         1144    i.DMA_ClearFlag     stm32f4xx_dma.o
    0x08000c18   0x08000c18   0x00000014   Code   RO         1146    i.DMA_Cmd           stm32f4xx_dma.o
    0x08000c2c   0x08000c2c   0x00000124   Code   RO         1147    i.DMA_DeInit        stm32f4xx_dma.o
    0x08000d50   0x08000d50   0x00000014   Code   RO         1148    i.DMA_DoubleBufferModeCmd  stm32f4xx_dma.o
    0x08000d64   0x08000d64   0x00000016   Code   RO         1149    i.DMA_DoubleBufferModeConfig  stm32f4xx_dma.o
    0x08000d7a   0x08000d7a   0x00000006   Code   RO         1152    i.DMA_GetCurrDataCounter  stm32f4xx_dma.o
    0x08000d80   0x08000d80   0x0000000e   Code   RO         1153    i.DMA_GetCurrentMemoryTarget  stm32f4xx_dma.o
    0x08000d8e   0x08000d8e   0x00000002   PAD
    0x08000d90   0x08000d90   0x00000054   Code   RO         1158    i.DMA_Init          stm32f4xx_dma.o
    0x08000de4   0x08000de4   0x00000004   Code   RO         1161    i.DMA_SetCurrDataCounter  stm32f4xx_dma.o
    0x08000de8   0x08000de8   0x00000002   Code   RO          199    i.DebugMon_Handler  stm32f4xx_it.o
    0x08000dea   0x08000dea   0x00000078   Code   RO          469    i.GPIO_Init         stm32f4xx_gpio.o
    0x08000e62   0x08000e62   0x00000020   Code   RO          470    i.GPIO_PinAFConfig  stm32f4xx_gpio.o
    0x08000e82   0x08000e82   0x00000004   Code   RO          477    i.GPIO_SetBits      stm32f4xx_gpio.o
    0x08000e86   0x08000e86   0x00000002   Code   RO          200    i.HardFault_Handler  stm32f4xx_it.o
    0x08000e88   0x08000e88   0x00000040   Code   RO         2858    i.LED_Init          led.o
    0x08000ec8   0x08000ec8   0x00000002   Code   RO          201    i.MemManage_Handler  stm32f4xx_it.o
    0x08000eca   0x08000eca   0x00000002   Code   RO          202    i.NMI_Handler       stm32f4xx_it.o
    0x08000ecc   0x08000ecc   0x00000064   Code   RO          424    i.NVIC_Init         misc.o
    0x08000f30   0x08000f30   0x00000014   Code   RO          425    i.NVIC_PriorityGroupConfig  misc.o
    0x08000f44   0x08000f44   0x00000128   Code   RO         3081    i.PID_Calc          pid.o
    0x0800106c   0x0800106c   0x0000005c   Code   RO         3082    i.PID_Init          pid.o
    0x080010c8   0x080010c8   0x00000040   Code   RO         3083    i.PID_clear         pid.o
    0x08001108   0x08001108   0x00000018   Code   RO          566    i.RCC_AHB1PeriphClockCmd  stm32f4xx_rcc.o
    0x08001120   0x08001120   0x00000018   Code   RO          575    i.RCC_APB1PeriphClockCmd  stm32f4xx_rcc.o
    0x08001138   0x08001138   0x00000018   Code   RO          577    i.RCC_APB1PeriphResetCmd  stm32f4xx_rcc.o
    0x08001150   0x08001150   0x00000018   Code   RO          578    i.RCC_APB2PeriphClockCmd  stm32f4xx_rcc.o
    0x08001168   0x08001168   0x00000018   Code   RO          580    i.RCC_APB2PeriphResetCmd  stm32f4xx_rcc.o
    0x08001180   0x08001180   0x00000090   Code   RO          587    i.RCC_GetClocksFreq  stm32f4xx_rcc.o
    0x08001210   0x08001210   0x0000013c   Code   RO         2898    i.RC_Init           rc.o
    0x0800134c   0x0800134c   0x000000e0   Code   RO         2967    i.SBUS_TO_RC        rc_control.o
    0x0800142c   0x0800142c   0x000000b4   Code   RO          277    i.SetSysClock       system_stm32f4xx.o
    0x080014e0   0x080014e0   0x00000018   Code   RO          428    i.SysTick_CLKSourceConfig  misc.o
    0x080014f8   0x080014f8   0x00000014   Code   RO          321    i.SysTick_Handler   delay.o
    0x0800150c   0x0800150c   0x0000005c   Code   RO          279    i.SystemInit        system_stm32f4xx.o
    0x08001568   0x08001568   0x0000002e   Code   RO         1272    i.TI1_Config        stm32f4xx_tim.o
    0x08001596   0x08001596   0x00000036   Code   RO         1273    i.TI2_Config        stm32f4xx_tim.o
    0x080015cc   0x080015cc   0x0000006c   Code   RO         3007    i.TIM5_IRQHandler   distance_control.o
    0x08001638   0x08001638   0x00000014   Code   RO         1274    i.TIM_ARRPreloadConfig  stm32f4xx_tim.o
    0x0800164c   0x0800164c   0x00000006   Code   RO         1281    i.TIM_ClearITPendingBit  stm32f4xx_tim.o
    0x08001652   0x08001652   0x00000014   Code   RO         1286    i.TIM_Cmd           stm32f4xx_tim.o
    0x08001666   0x08001666   0x00000018   Code   RO         1307    i.TIM_GetITStatus   stm32f4xx_tim.o
    0x0800167e   0x0800167e   0x000000ac   Code   RO         1309    i.TIM_ICInit        stm32f4xx_tim.o
    0x0800172a   0x0800172a   0x00000010   Code   RO         1311    i.TIM_ITConfig      stm32f4xx_tim.o
    0x0800173a   0x0800173a   0x0000000c   Code   RO         1317    i.TIM_OC1PolarityConfig  stm32f4xx_tim.o
    0x08001746   0x08001746   0x00000002   PAD
    0x08001748   0x08001748   0x0000007c   Code   RO         1325    i.TIM_OC3Init       stm32f4xx_tim.o
    0x080017c4   0x080017c4   0x0000000c   Code   RO         1328    i.TIM_OC3PreloadConfig  stm32f4xx_tim.o
    0x080017d0   0x080017d0   0x00000004   Code   RO         1350    i.TIM_SetCompare3   stm32f4xx_tim.o
    0x080017d4   0x080017d4   0x00000010   Code   RO         1353    i.TIM_SetIC1Prescaler  stm32f4xx_tim.o
    0x080017e4   0x080017e4   0x00000018   Code   RO         1354    i.TIM_SetIC2Prescaler  stm32f4xx_tim.o
    0x080017fc   0x080017fc   0x00000010   Code   RO         1355    i.TIM_SetIC3Prescaler  stm32f4xx_tim.o
    0x0800180c   0x0800180c   0x00000018   Code   RO         1356    i.TIM_SetIC4Prescaler  stm32f4xx_tim.o
    0x08001824   0x08001824   0x0000007c   Code   RO         1358    i.TIM_TimeBaseInit  stm32f4xx_tim.o
    0x080018a0   0x080018a0   0x000000dc   Code   RO         2968    i.USART1_IRQHandler  rc_control.o
    0x0800197c   0x0800197c   0x000000e8   Code   RO         3041    i.USART2_IRQHandler  position_control.o
    0x08001a64   0x08001a64   0x00000006   Code   RO          956    i.USART_ClearFlag   stm32f4xx_usart.o
    0x08001a6a   0x08001a6a   0x00000014   Code   RO          960    i.USART_Cmd         stm32f4xx_usart.o
    0x08001a7e   0x08001a7e   0x00000010   Code   RO          961    i.USART_DMACmd      stm32f4xx_usart.o
    0x08001a8e   0x08001a8e   0x00000002   PAD
    0x08001a90   0x08001a90   0x000000ac   Code   RO          962    i.USART_DeInit      stm32f4xx_usart.o
    0x08001b3c   0x08001b3c   0x0000003e   Code   RO          964    i.USART_GetITStatus  stm32f4xx_usart.o
    0x08001b7a   0x08001b7a   0x00000030   Code   RO          966    i.USART_ITConfig    stm32f4xx_usart.o
    0x08001baa   0x08001baa   0x00000002   PAD
    0x08001bac   0x08001bac   0x000000ac   Code   RO          967    i.USART_Init        stm32f4xx_usart.o
    0x08001c58   0x08001c58   0x00000008   Code   RO          974    i.USART_ReceiveData  stm32f4xx_usart.o
    0x08001c60   0x08001c60   0x00000002   Code   RO          203    i.UsageFault_Handler  stm32f4xx_it.o
    0x08001c62   0x08001c62   0x00000002   Code   RO          385    i._sys_exit         usart.o
    0x08001c64   0x08001c64   0x00000088   Code   RO         3205    i.action_task       aciton_task.o
    0x08001cec   0x08001cec   0x0000013c   Code   RO         2944    i.camera_Init       camera.o
    0x08001e28   0x08001e28   0x000000b8   Code   RO         3042    i.camera_to_position  position_control.o
    0x08001ee0   0x08001ee0   0x00000038   Code   RO          322    i.delay_init        delay.o
    0x08001f18   0x08001f18   0x00000034   Code   RO          324    i.delay_us          delay.o
    0x08001f4c   0x08001f4c   0x0000001c   Code   RO         3008    i.distance_control_init  distance_control.o
    0x08001f68   0x08001f68   0x00000014   Code   RO          386    i.fputc             usart.o
    0x08001f7c   0x08001f7c   0x00000008   Code   RO         3174    i.get_PPM_control_point  ppm_task.o
    0x08001f84   0x08001f84   0x00000008   Code   RO         3009    i.get_distance_control_point  distance_control.o
    0x08001f8c   0x08001f8c   0x00000008   Code   RO         3043    i.get_position_control_point  position_control.o
    0x08001f94   0x08001f94   0x00000008   Code   RO         2969    i.get_remote_control_point  rc_control.o
    0x08001f9c   0x08001f9c   0x00000012   Code   RO            4    i.main              main.o
    0x08001fae   0x08001fae   0x00000002   PAD
    0x08001fb0   0x08001fb0   0x00000010   Code   RO         3044    i.position_control_init  position_control.o
    0x08001fc0   0x08001fc0   0x0000003c   Code   RO         2878    i.ppm_Init          ppm.o
    0x08001ffc   0x08001ffc   0x000000f8   Code   RO         3175    i.ppm_task          ppm_task.o
    0x080020f4   0x080020f4   0x00000070   Code   RO         2235    i.prvAddCurrentTaskToDelayedList  tasks.o
    0x08002164   0x08002164   0x000000d0   Code   RO         2236    i.prvAddNewTaskToReadyList  tasks.o
    0x08002234   0x08002234   0x00000050   Code   RO         2588    i.prvCheckForValidListAndQueue  timers.o
    0x08002284   0x08002284   0x00000054   Code   RO         2237    i.prvCheckTasksWaitingTermination  tasks.o
    0x080022d8   0x080022d8   0x00000026   Code   RO         2006    i.prvCopyDataFromQueue  queue.o
    0x080022fe   0x080022fe   0x0000006c   Code   RO         2007    i.prvCopyDataToQueue  queue.o
    0x0800236a   0x0800236a   0x00000014   Code   RO         2238    i.prvDeleteTCB      tasks.o
    0x0800237e   0x0800237e   0x00000002   PAD
    0x08002380   0x08002380   0x0000004c   Code   RO         2801    i.prvHeapInit       heap_4.o
    0x080023cc   0x080023cc   0x00000028   Code   RO         2239    i.prvIdleTask       tasks.o
    0x080023f4   0x080023f4   0x000000c0   Code   RO         2240    i.prvInitialiseNewTask  tasks.o
    0x080024b4   0x080024b4   0x0000004c   Code   RO         2802    i.prvInsertBlockIntoFreeList  heap_4.o
    0x08002500   0x08002500   0x00000038   Code   RO         2589    i.prvInsertTimerInActiveList  timers.o
    0x08002538   0x08002538   0x0000001a   Code   RO         2008    i.prvIsQueueEmpty   queue.o
    0x08002552   0x08002552   0x00000002   PAD
    0x08002554   0x08002554   0x00000090   Code   RO         2009    i.prvNotifyQueueSetContainer  queue.o
    0x080025e4   0x080025e4   0x00000060   Code   RO         2590    i.prvProcessExpiredTimer  timers.o
    0x08002644   0x08002644   0x000000f0   Code   RO         2591    i.prvProcessReceivedCommands  timers.o
    0x08002734   0x08002734   0x0000006c   Code   RO         2592    i.prvProcessTimerOrBlockTask  timers.o
    0x080027a0   0x080027a0   0x00000020   Code   RO         2242    i.prvResetNextTaskUnblockTime  tasks.o
    0x080027c0   0x080027c0   0x00000028   Code   RO         2593    i.prvSampleTimeNow  timers.o
    0x080027e8   0x080027e8   0x0000006c   Code   RO         2594    i.prvSwitchTimerLists  timers.o
    0x08002854   0x08002854   0x00000064   Code   RO         2717    i.prvTaskExitError  port.o
    0x080028b8   0x080028b8   0x00000028   Code   RO         2595    i.prvTimerTask      timers.o
    0x080028e0   0x080028e0   0x00000078   Code   RO         2010    i.prvUnlockQueue    queue.o
    0x08002958   0x08002958   0x00000114   Code   RO         2803    i.pvPortMalloc      heap_4.o
    0x08002a6c   0x08002a6c   0x00000018   Code   RO         2244    i.pvTaskIncrementMutexHeldCount  tasks.o
    0x08002a84   0x08002a84   0x0000002c   Code   RO         2718    i.pxPortInitialiseStack  port.o
    0x08002ab0   0x08002ab0   0x00000010   Code   RO         2970    i.remote_control_init  rc_control.o
    0x08002ac0   0x08002ac0   0x00000154   Code   RO         2921    i.sonic_Init        sonic.o
    0x08002c14   0x08002c14   0x0000002c   Code   RO         3116    i.startTask         start_task.o
    0x08002c40   0x08002c40   0x00000090   Code   RO         3117    i.start_task        start_task.o
    0x08002cd0   0x08002cd0   0x00000028   Code   RO         3154    i.user_task         user_task.o
    0x08002cf8   0x08002cf8   0x00000024   Code   RO         1961    i.uxListRemove      list.o
    0x08002d1c   0x08002d1c   0x00000016   Code   RO         1962    i.vListInitialise   list.o
    0x08002d32   0x08002d32   0x00000006   Code   RO         1963    i.vListInitialiseItem  list.o
    0x08002d38   0x08002d38   0x00000030   Code   RO         1964    i.vListInsert       list.o
    0x08002d68   0x08002d68   0x00000018   Code   RO         1965    i.vListInsertEnd    list.o
    0x08002d80   0x08002d80   0x00000078   Code   RO         2720    i.vPortEnterCritical  port.o
    0x08002df8   0x08002df8   0x00000064   Code   RO         2721    i.vPortExitCritical  port.o
    0x08002e5c   0x08002e5c   0x0000009c   Code   RO         2804    i.vPortFree         heap_4.o
    0x08002ef8   0x08002ef8   0x00000020   Code   RO         2722    i.vPortSetupTimerInterrupt  port.o
    0x08002f18   0x08002f18   0x0000008c   Code   RO         2723    i.vPortValidateInterruptPriority  port.o
    0x08002fa4   0x08002fa4   0x00000024   Code   RO         2016    i.vQueueAddToRegistry  queue.o
    0x08002fc8   0x08002fc8   0x00000044   Code   RO         2020    i.vQueueWaitForMessageRestricted  queue.o
    0x0800300c   0x0800300c   0x0000006c   Code   RO         2252    i.vTaskDelay        tasks.o
    0x08003078   0x08003078   0x000000cc   Code   RO         2254    i.vTaskDelete       tasks.o
    0x08003144   0x08003144   0x0000000c   Code   RO         2258    i.vTaskMissedYield  tasks.o
    0x08003150   0x08003150   0x00000054   Code   RO         2260    i.vTaskPlaceOnEventList  tasks.o
    0x080031a4   0x080031a4   0x0000005c   Code   RO         2261    i.vTaskPlaceOnEventListRestricted  tasks.o
    0x08003200   0x08003200   0x00000084   Code   RO         2263    i.vTaskPriorityInherit  tasks.o
    0x08003284   0x08003284   0x00000048   Code   RO         2267    i.vTaskSetTimeOutState  tasks.o
    0x080032cc   0x080032cc   0x00000094   Code   RO         2268    i.vTaskStartScheduler  tasks.o
    0x08003360   0x08003360   0x00000010   Code   RO         2270    i.vTaskSuspendAll   tasks.o
    0x08003370   0x08003370   0x0000007c   Code   RO         2271    i.vTaskSwitchContext  tasks.o
    0x080033ec   0x080033ec   0x00000114   Code   RO         2724    i.xPortStartScheduler  port.o
    0x08003500   0x08003500   0x0000002c   Code   RO         2725    i.xPortSysTickHandler  port.o
    0x0800352c   0x0800352c   0x00000078   Code   RO         2025    i.xQueueGenericCreate  queue.o
    0x080035a4   0x080035a4   0x00000184   Code   RO         2026    i.xQueueGenericReceive  queue.o
    0x08003728   0x08003728   0x000000a8   Code   RO         2027    i.xQueueGenericReset  queue.o
    0x080037d0   0x080037d0   0x00000188   Code   RO         2028    i.xQueueGenericSend  queue.o
    0x08003958   0x08003958   0x000000e0   Code   RO         2029    i.xQueueGenericSendFromISR  queue.o
    0x08003a38   0x08003a38   0x00000088   Code   RO         2272    i.xTaskCheckForTimeOut  tasks.o
    0x08003ac0   0x08003ac0   0x00000056   Code   RO         2273    i.xTaskCreate       tasks.o
    0x08003b16   0x08003b16   0x00000002   PAD
    0x08003b18   0x08003b18   0x0000001c   Code   RO         2277    i.xTaskGetSchedulerState  tasks.o
    0x08003b34   0x08003b34   0x0000000c   Code   RO         2278    i.xTaskGetTickCount  tasks.o
    0x08003b40   0x08003b40   0x000000e8   Code   RO         2280    i.xTaskIncrementTick  tasks.o
    0x08003c28   0x08003c28   0x000000b4   Code   RO         2283    i.xTaskPriorityDisinherit  tasks.o
    0x08003cdc   0x08003cdc   0x00000098   Code   RO         2284    i.xTaskRemoveFromEventList  tasks.o
    0x08003d74   0x08003d74   0x000000e4   Code   RO         2286    i.xTaskResumeAll    tasks.o
    0x08003e58   0x08003e58   0x00000074   Code   RO         2598    i.xTimerCreate      timers.o
    0x08003ecc   0x08003ecc   0x00000074   Code   RO         2599    i.xTimerCreateTimerTask  timers.o
    0x08003f40   0x08003f40   0x00000090   Code   RO         2600    i.xTimerGenericCommand  timers.o
    0x08003fd0   0x08003fd0   0x0000000a   Code   RO         3403    x$fpl$fpinit        fz_wm.l(fpinit.o)
    0x08003fda   0x08003fda   0x00000002   PAD
    0x08003fdc   0x08003fdc   0x00000024   Data   RO         3207    .constdata          aciton_task.o
    0x08004000   0x08004000   0x00000020   Data   RO         3467    Region$$Table       anon$$obj.o


    Execution Region RW_IRAM1 (Exec base: 0x20000000, Load base: 0x08004020, Size: 0x00005c28, Max: 0x00020000, ABSOLUTE)

    Exec Addr    Load Addr    Size         Type   Attr      Idx    E Section Name        Object

    0x20000000   0x08004020   0x00000014   Data   RW          280    .data               system_stm32f4xx.o
    0x20000014   0x08004034   0x00000004   Data   RW          326    .data               delay.o
    0x20000018   0x08004038   0x00000004   Data   RW          387    .data               usart.o
    0x2000001c   0x0800403c   0x00000010   Data   RW          619    .data               stm32f4xx_rcc.o
    0x2000002c   0x0800404c   0x0000003c   Data   RW         2289    .data               tasks.o
    0x20000068   0x08004088   0x00000014   Data   RW         2608    .data               timers.o
    0x2000007c   0x0800409c   0x0000000c   Data   RW         2726    .data               port.o
    0x20000088   0x080040a8   0x00000018   Data   RW         2809    .data               heap_4.o
    0x200000a0   0x080040c0   0x00000002   Data   RW         2972    .data               rc_control.o
    0x200000a2   0x080040c2   0x00000002   Data   RW         3046    .data               position_control.o
    0x200000a4   0x080040c4   0x00000010   Data   RW         3118    .data               start_task.o
    0x200000b4        -       0x00000040   Zero   RW         2040    .bss                queue.o
    0x200000f4        -       0x000002e4   Zero   RW         2288    .bss                tasks.o
    0x200003d8        -       0x00000028   Zero   RW         2607    .bss                timers.o
    0x20000400        -       0x00005000   Zero   RW         2808    .bss                heap_4.o
    0x20005400        -       0x0000005e   Zero   RW         2971    .bss                rc_control.o
    0x2000545e   0x080040d4   0x00000002   PAD
    0x20005460        -       0x0000000c   Zero   RW         3010    .bss                distance_control.o
    0x2000546c        -       0x00000040   Zero   RW         3045    .bss                position_control.o
    0x200054ac        -       0x0000000a   Zero   RW         3176    .bss                ppm_task.o
    0x200054b6   0x080040d4   0x00000002   PAD
    0x200054b8        -       0x00000110   Zero   RW         3206    .bss                aciton_task.o
    0x200055c8        -       0x00000060   Zero   RW         3345    .bss                c_w.l(libspace.o)
    0x20005628        -       0x00000200   Zero   RW          313    HEAP                startup_stm32f40_41xxx.o
    0x20005828        -       0x00000400   Zero   RW          312    STACK               startup_stm32f40_41xxx.o


==============================================================================

Image component sizes


      Code (inc. data)   RO Data    RW Data    ZI Data      Debug   Object Name

      1166         74         36          0        272       3818   aciton_task.o
       316         16          0          0          0       1318   camera.o
       128         10          0          4          0       2042   delay.o
       144         20          0          0         12       2279   distance_control.o
         0          0          0          0          0      11796   event_groups.o
       584        138          0         24      20480       4163   heap_4.o
        64          6          0          0          0        551   led.o
       136          0          0          0          0       3242   list.o
        58          0          0          0          0     310342   main.o
       144         14          0          0          0       2137   misc.o
       452         14          0          0          0       2946   pid.o
      1038        382          0         12          0      10925   port.o
       440         44          0          2         64       3053   position_control.o
        60          4          0          0          0        543   ppm.o
       256         12          0          0         10       1739   ppm_task.o
      1832        236          0          0         64      15977   queue.o
       316         20          0          0          0       1310   rc.o
       468         28          0          2         94       3081   rc_control.o
       340         10          0          0          0        933   sonic.o
       188         72          0         16          0       3737   start_task.o
        64         26        392          0       1536        844   startup_stm32f40_41xxx.o
       506         36          0          0          0       7080   stm32f4xx_dma.o
       156          0          0          0          0       2354   stm32f4xx_gpio.o
        12          0          0          0          0       2749   stm32f4xx_it.o
       264         42          0         16          0       5993   stm32f4xx_rcc.o
       714         36          0          0          0      12872   stm32f4xx_tim.o
       504         42          0          0          0       6446   stm32f4xx_usart.o
       272         36          0         20          0       1801   system_stm32f4xx.o
      2758        670          0         60        740      30079   tasks.o
      1144        260          0         20         40      10090   timers.o
        22          6          0          4          0       2858   usart.o
        40          6          0          0          0        524   user_task.o

    ----------------------------------------------------------------------
     14608       2260        460        180      23316     469622   Object Totals
         0          0         32          0          0          0   (incl. Generated)
        22          0          0          0          4          0   (incl. Padding)

    ----------------------------------------------------------------------

      Code (inc. data)   RO Data    RW Data    ZI Data      Debug   Library Member Name

         8          0          0          0          0         68   __main.o
       104          0          0          0          0         84   __printf.o
         0          0          0          0          0          0   __rtentry.o
        12          0          0          0          0          0   __rtentry2.o
         6          0          0          0          0          0   __rtentry4.o
        52          8          0          0          0          0   __scatter.o
        26          0          0          0          0          0   __scatter_copy.o
        28          0          0          0          0          0   __scatter_zi.o
        44          0          0          0          0        108   _printf_char.o
        48          6          0          0          0         96   _printf_char_common.o
        36          4          0          0          0         80   _printf_char_file.o
         6          0          0          0          0          0   _printf_d.o
       120         16          0          0          0         92   _printf_dec.o
       178          0          0          0          0         88   _printf_intcommon.o
         0          0          0          0          0          0   _printf_percent.o
         4          0          0          0          0          0   _printf_percent_end.o
         6          0          0          0          0          0   _printf_s.o
        82          0          0          0          0         80   _printf_str.o
        16          0          0          0          0         68   aeabi_memset.o
        18          0          0          0          0         80   exit.o
         8          0          0          0          0         68   ferror.o
         6          0          0          0          0        152   heapauxi.o
         2          0          0          0          0          0   libinit.o
         6          0          0          0          0          0   libinit2.o
         2          0          0          0          0          0   libshutdown.o
         2          0          0          0          0          0   libshutdown2.o
         8          4          0          0         96         68   libspace.o
        24          4          0          0          0         84   noretval__2printf.o
        68          0          0          0          0         68   rt_memclr.o
        78          0          0          0          0         80   rt_memclr_w.o
       138          0          0          0          0         68   rt_memcpy_v6.o
       100          0          0          0          0         80   rt_memcpy_w.o
         2          0          0          0          0          0   rtexit.o
        10          0          0          0          0          0   rtexit2.o
        74          0          0          0          0         80   sys_stackheap_outer.o
         2          0          0          0          0         68   use_no_semi.o
         2          0          0          0          0         68   use_no_semi_2.o
        10          0          0          0          0        116   fpinit.o

    ----------------------------------------------------------------------
      1348         42          0          0         96       1844   Library Totals
        12          0          0          0          0          0   (incl. Padding)

    ----------------------------------------------------------------------

      Code (inc. data)   RO Data    RW Data    ZI Data      Debug   Library Name

      1326         42          0          0         96       1728   c_w.l
        10          0          0          0          0        116   fz_wm.l

    ----------------------------------------------------------------------
      1348         42          0          0         96       1844   Library Totals

    ----------------------------------------------------------------------

==============================================================================


      Code (inc. data)   RO Data    RW Data    ZI Data      Debug   

     15956       2302        460        180      23412     455982   Grand Totals
     15956       2302        460        180      23412     455982   ELF Image Totals
     15956       2302        460        180          0          0   ROM Totals

==============================================================================

    Total RO  Size (Code + RO Data)                16416 (  16.03kB)
    Total RW  Size (RW Data + ZI Data)             23592 (  23.04kB)
    Total ROM Size (Code + RO Data + RW Data)      16596 (  16.21kB)

==============================================================================

